0 verbose cli C:\Program Files\nodejs\node.exe C:\Program Files\nodejs\node_modules\npm\bin\npm-cli.js
1 info using npm@11.17.0
2 info using node@v26.5.0
3 silly config load:file:C:\Program Files\nodejs\node_modules\npm\npmrc
4 silly config load:file:C:\Users\Indra\Dera\.npmrc
5 silly config load:file:C:\Users\Indra\.npmrc
6 silly config load:file:C:\Users\Indra\AppData\Roaming\npm\etc\npmrc
7 verbose title npm install
8 verbose argv "install" "--cache" ".npm-cache"
9 verbose logfile logs-max:10 dir:C:\Users\Indra\Dera\.npm-cache\_logs\2026-09-18T22_19_17_279Z-
10 verbose logfile C:\Users\Indra\Dera\.npm-cache\_logs\2026-09-18T22_19_17_279Z-debug-0.log
11 silly logfile done cleaning log files
12 silly packumentCache heap:4395630592 maxSize:1098907648 maxEntrySize:549453824
13 silly idealTree buildDeps
14 silly fetch manifest @vitejs/plugin-react@latest
15 silly packumentCache full:https://registry.npmjs.org/@vitejs%2fplugin-react cache-miss
16 http fetch GET 200 https://registry.npmjs.org/@vitejs%2fplugin-react 663ms (cache miss)
17 silly packumentCache full:https://registry.npmjs.org/@vitejs%2fplugin-react set size:undefined disposed:false
18 silly fetch manifest @rolldown/plugin-babel@^0.1.7 || ^0.2.0
19 silly packumentCache full:https://registry.npmjs.org/@rolldown%2fplugin-babel cache-miss
20 http fetch GET 200 https://registry.npmjs.org/@rolldown%2fplugin-babel 181ms (cache miss)
21 silly packumentCache full:https://registry.npmjs.org/@rolldown%2fplugin-babel set size:undefined disposed:false
22 silly fetch manifest @babel/core@^7.29.0 || ^8.0.0-rc.1
23 silly packumentCache full:https://registry.npmjs.org/@babel%2fcore cache-miss
24 http fetch GET 200 https://registry.npmjs.org/npm 1151ms
25 http fetch GET 200 https://registry.npmjs.org/@babel%2fcore 425ms (cache miss)
26 silly packumentCache full:https://registry.npmjs.org/@babel%2fcore set size:undefined disposed:false
27 silly fetch manifest @babel/plugin-transform-runtime@^7.29.0 || ^8.0.0-rc.1
28 silly packumentCache full:https://registry.npmjs.org/@babel%2fplugin-transform-runtime cache-miss
29 http fetch GET 200 https://registry.npmjs.org/@babel%2fplugin-transform-runtime 274ms (cache miss)
30 silly packumentCache full:https://registry.npmjs.org/@babel%2fplugin-transform-runtime set size:undefined disposed:false
31 silly fetch manifest @babel/runtime@^7.27.0 || ^8.0.0-rc.1
32 silly packumentCache full:https://registry.npmjs.org/@babel%2fruntime cache-miss
33 http fetch GET 200 https://registry.npmjs.org/@babel%2fruntime 541ms (cache miss)
34 silly packumentCache full:https://registry.npmjs.org/@babel%2fruntime set size:undefined disposed:false
35 silly fetch manifest rolldown@^1.0.0-rc.5
36 silly packumentCache full:https://registry.npmjs.org/rolldown cache-miss
37 http fetch GET 200 https://registry.npmjs.org/rolldown 389ms (cache miss)
38 silly packumentCache full:https://registry.npmjs.org/rolldown set size:undefined disposed:false
39 silly fetch manifest vite@latest
40 silly packumentCache full:https://registry.npmjs.org/vite cache-miss
41 http fetch GET 200 https://registry.npmjs.org/vite 1696ms (cache miss)
42 silly packumentCache full:https://registry.npmjs.org/vite set size:undefined disposed:false
43 silly fetch manifest @types/node@^20.19.0 || >=22.12.0
44 silly packumentCache full:https://registry.npmjs.org/@types%2fnode cache-miss
45 http fetch GET 200 https://registry.npmjs.org/@types%2fnode 706ms (cache miss)
46 silly packumentCache full:https://registry.npmjs.org/@types%2fnode set size:undefined disposed:false
47 silly fetch manifest @vitejs/devtools@^0.7.1
48 silly packumentCache full:https://registry.npmjs.org/@vitejs%2fdevtools cache-miss
49 http fetch GET 200 https://registry.npmjs.org/@vitejs%2fdevtools 196ms (cache miss)
50 silly packumentCache full:https://registry.npmjs.org/@vitejs%2fdevtools set size:undefined disposed:false
51 silly fetch manifest @vitejs/devtools-oxc@^0.7.5
52 silly packumentCache full:https://registry.npmjs.org/@vitejs%2fdevtools-oxc cache-miss
53 http fetch GET 200 https://registry.npmjs.org/@vitejs%2fdevtools-oxc 203ms (cache miss)
54 silly packumentCache full:https://registry.npmjs.org/@vitejs%2fdevtools-oxc set size:undefined disposed:false
55 silly fetch manifest @vitejs/devtools-rolldown@^0.7.5
56 silly packumentCache full:https://registry.npmjs.org/@vitejs%2fdevtools-rolldown cache-miss
57 http fetch GET 200 https://registry.npmjs.org/@vitejs%2fdevtools-rolldown 196ms (cache miss)
58 silly packumentCache full:https://registry.npmjs.org/@vitejs%2fdevtools-rolldown set size:undefined disposed:false
59 silly fetch manifest @vitejs/devtools-vite@^0.7.5
60 silly packumentCache full:https://registry.npmjs.org/@vitejs%2fdevtools-vite cache-miss
61 http fetch GET 200 https://registry.npmjs.org/@vitejs%2fdevtools-vite 206ms (cache miss)
62 silly packumentCache full:https://registry.npmjs.org/@vitejs%2fdevtools-vite set size:undefined disposed:false
63 silly fetch manifest @vitejs/devtools-vitest@^0.7.5
64 silly packumentCache full:https://registry.npmjs.org/@vitejs%2fdevtools-vitest cache-miss
65 http fetch GET 200 https://registry.npmjs.org/@vitejs%2fdevtools-vitest 186ms (cache miss)
66 silly packumentCache full:https://registry.npmjs.org/@vitejs%2fdevtools-vitest set size:undefined disposed:false
67 silly fetch manifest vitest@*
68 silly packumentCache full:https://registry.npmjs.org/vitest cache-miss
69 http fetch GET 200 https://registry.npmjs.org/vitest 234ms (cache miss)
70 silly packumentCache full:https://registry.npmjs.org/vitest set size:undefined disposed:false
71 silly fetch manifest @edge-runtime/vm@*
72 silly packumentCache full:https://registry.npmjs.org/@edge-runtime%2fvm cache-miss
73 http fetch GET 200 https://registry.npmjs.org/@edge-runtime%2fvm 206ms (cache miss)
74 silly packumentCache full:https://registry.npmjs.org/@edge-runtime%2fvm set size:undefined disposed:false
75 silly fetch manifest @opentelemetry/api@^1.9.0
76 silly packumentCache full:https://registry.npmjs.org/@opentelemetry%2fapi cache-miss
77 http fetch GET 200 https://registry.npmjs.org/@opentelemetry%2fapi 205ms (cache miss)
78 silly packumentCache full:https://registry.npmjs.org/@opentelemetry%2fapi set size:undefined disposed:false
79 silly fetch manifest @vitest/browser-playwright@5.0.1
80 silly packumentCache full:https://registry.npmjs.org/@vitest%2fbrowser-playwright cache-miss
81 http fetch GET 200 https://registry.npmjs.org/@vitest%2fbrowser-playwright 188ms (cache miss)
82 silly packumentCache full:https://registry.npmjs.org/@vitest%2fbrowser-playwright set size:undefined disposed:false
83 silly fetch manifest playwright@*
84 silly packumentCache full:https://registry.npmjs.org/playwright cache-miss
85 http fetch GET 200 https://registry.npmjs.org/playwright 595ms (cache miss)
86 silly packumentCache full:https://registry.npmjs.org/playwright set size:undefined disposed:false
87 silly fetch manifest @vitest/browser-preview@5.0.1
88 silly packumentCache full:https://registry.npmjs.org/@vitest%2fbrowser-preview cache-miss
89 http fetch GET 200 https://registry.npmjs.org/@vitest%2fbrowser-preview 207ms (cache miss)
90 silly packumentCache full:https://registry.npmjs.org/@vitest%2fbrowser-preview set size:undefined disposed:false
91 silly fetch manifest @vitest/browser-webdriverio@^5.0.0-beta.5 || >=5.0.0
92 silly packumentCache full:https://registry.npmjs.org/@vitest%2fbrowser-webdriverio cache-miss
93 http fetch GET 200 https://registry.npmjs.org/@vitest%2fbrowser-webdriverio 196ms (cache miss)
94 silly packumentCache full:https://registry.npmjs.org/@vitest%2fbrowser-webdriverio set size:undefined disposed:false
95 silly fetch manifest webdriverio@*
96 silly packumentCache full:https://registry.npmjs.org/webdriverio cache-miss
97 http fetch GET 200 https://registry.npmjs.org/webdriverio 370ms (cache miss)
98 silly packumentCache full:https://registry.npmjs.org/webdriverio set size:undefined disposed:false
99 silly fetch manifest puppeteer-core@>=22.x <=24.x
100 silly packumentCache full:https://registry.npmjs.org/puppeteer-core cache-miss
101 http fetch GET 200 https://registry.npmjs.org/puppeteer-core 227ms (cache miss)
102 silly packumentCache full:https://registry.npmjs.org/puppeteer-core set size:undefined disposed:false
103 silly fetch manifest @vitest/coverage-istanbul@5.0.1
104 silly packumentCache full:https://registry.npmjs.org/@vitest%2fcoverage-istanbul cache-miss
105 http fetch GET 200 https://registry.npmjs.org/@vitest%2fcoverage-istanbul 202ms (cache miss)
106 silly packumentCache full:https://registry.npmjs.org/@vitest%2fcoverage-istanbul set size:undefined disposed:false
107 silly fetch manifest @vitest/coverage-v8@5.0.1
108 silly packumentCache full:https://registry.npmjs.org/@vitest%2fcoverage-v8 cache-miss
109 http fetch GET 200 https://registry.npmjs.org/@vitest%2fcoverage-v8 212ms (cache miss)
110 silly packumentCache full:https://registry.npmjs.org/@vitest%2fcoverage-v8 set size:undefined disposed:false
111 silly fetch manifest @vitest/browser@5.0.1
112 silly packumentCache full:https://registry.npmjs.org/@vitest%2fbrowser cache-miss
113 http fetch GET 200 https://registry.npmjs.org/@vitest%2fbrowser 217ms (cache miss)
114 silly packumentCache full:https://registry.npmjs.org/@vitest%2fbrowser set size:undefined disposed:false
115 silly fetch manifest @vitest/ui@5.0.1
116 silly packumentCache full:https://registry.npmjs.org/@vitest%2fui cache-miss
117 http fetch GET 200 https://registry.npmjs.org/@vitest%2fui 230ms (cache miss)
118 silly packumentCache full:https://registry.npmjs.org/@vitest%2fui set size:undefined disposed:false
119 silly fetch manifest happy-dom@*
120 silly packumentCache full:https://registry.npmjs.org/happy-dom cache-miss
121 http fetch GET 200 https://registry.npmjs.org/happy-dom 245ms (cache miss)
122 silly packumentCache full:https://registry.npmjs.org/happy-dom set size:undefined disposed:false
123 silly fetch manifest jsdom@*
124 silly packumentCache full:https://registry.npmjs.org/jsdom cache-miss
125 http fetch GET 200 https://registry.npmjs.org/jsdom 209ms (cache miss)
126 silly packumentCache full:https://registry.npmjs.org/jsdom set size:undefined disposed:false
127 silly fetch manifest canvas@^3.2.3
128 silly packumentCache full:https://registry.npmjs.org/canvas cache-miss
129 http fetch GET 200 https://registry.npmjs.org/canvas 179ms (cache miss)
130 silly packumentCache full:https://registry.npmjs.org/canvas set size:undefined disposed:false
131 silly fetch manifest esbuild@^0.27.0 || ^0.28.0
132 silly packumentCache full:https://registry.npmjs.org/esbuild cache-miss
133 http fetch GET 200 https://registry.npmjs.org/esbuild 231ms (cache miss)
134 silly packumentCache full:https://registry.npmjs.org/esbuild set size:undefined disposed:false
135 silly fetch manifest jiti@>=1.21.0
136 silly packumentCache full:https://registry.npmjs.org/jiti cache-miss
137 http fetch GET 200 https://registry.npmjs.org/jiti 203ms (cache miss)
138 silly packumentCache full:https://registry.npmjs.org/jiti set size:undefined disposed:false
139 silly fetch manifest less@^4.0.0
140 silly packumentCache full:https://registry.npmjs.org/less cache-miss
141 http fetch GET 200 https://registry.npmjs.org/less 193ms (cache miss)
142 silly packumentCache full:https://registry.npmjs.org/less set size:undefined disposed:false
143 silly fetch manifest sass@^1.70.0
144 silly packumentCache full:https://registry.npmjs.org/sass cache-miss
145 http fetch GET 200 https://registry.npmjs.org/sass 210ms (cache miss)
146 silly packumentCache full:https://registry.npmjs.org/sass set size:undefined disposed:false
147 silly fetch manifest sass-embedded@^1.70.0
148 silly packumentCache full:https://registry.npmjs.org/sass-embedded cache-miss
149 http fetch GET 200 https://registry.npmjs.org/sass-embedded 180ms (cache miss)
150 silly packumentCache full:https://registry.npmjs.org/sass-embedded set size:undefined disposed:false
151 silly fetch manifest stylus@>=0.54.8
152 silly packumentCache full:https://registry.npmjs.org/stylus cache-miss
153 http fetch GET 200 https://registry.npmjs.org/stylus 223ms (cache miss)
154 silly packumentCache full:https://registry.npmjs.org/stylus set size:undefined disposed:false
155 silly fetch manifest sugarss@^5.0.0
156 silly packumentCache full:https://registry.npmjs.org/sugarss cache-miss
157 http fetch GET 200 https://registry.npmjs.org/sugarss 174ms (cache miss)
158 silly packumentCache full:https://registry.npmjs.org/sugarss set size:undefined disposed:false
159 silly fetch manifest postcss@^8.3.3
160 silly packumentCache full:https://registry.npmjs.org/postcss cache-miss
161 http fetch GET 200 https://registry.npmjs.org/postcss 218ms (cache miss)
162 silly packumentCache full:https://registry.npmjs.org/postcss set size:undefined disposed:false
163 silly fetch manifest terser@^5.16.0
164 silly packumentCache full:https://registry.npmjs.org/terser cache-miss
165 http fetch GET 200 https://registry.npmjs.org/terser 200ms (cache miss)
166 silly packumentCache full:https://registry.npmjs.org/terser set size:undefined disposed:false
167 silly fetch manifest tsx@^4.8.1
168 silly packumentCache full:https://registry.npmjs.org/tsx cache-miss
169 http fetch GET 200 https://registry.npmjs.org/tsx 202ms (cache miss)
170 silly packumentCache full:https://registry.npmjs.org/tsx set size:undefined disposed:false
171 silly fetch manifest yaml@^2.4.2
172 silly packumentCache full:https://registry.npmjs.org/yaml cache-miss
173 http fetch GET 200 https://registry.npmjs.org/yaml 201ms (cache miss)
174 silly packumentCache full:https://registry.npmjs.org/yaml set size:undefined disposed:false
175 silly fetch manifest babel-plugin-react-compiler@^1.0.0
176 silly packumentCache full:https://registry.npmjs.org/babel-plugin-react-compiler cache-miss
177 http fetch GET 200 https://registry.npmjs.org/babel-plugin-react-compiler 195ms (cache miss)
178 silly packumentCache full:https://registry.npmjs.org/babel-plugin-react-compiler set size:undefined disposed:false
179 silly fetch manifest oxc-transform-react@^0.145.0
180 silly packumentCache full:https://registry.npmjs.org/oxc-transform-react cache-miss
181 http fetch GET 200 https://registry.npmjs.org/oxc-transform-react 181ms (cache miss)
182 silly packumentCache full:https://registry.npmjs.org/oxc-transform-react set size:undefined disposed:false
183 silly fetch manifest typescript@latest
184 silly packumentCache full:https://registry.npmjs.org/typescript cache-miss
185 http fetch GET 200 https://registry.npmjs.org/typescript 403ms (cache miss)
186 silly packumentCache full:https://registry.npmjs.org/typescript set size:undefined disposed:false
187 silly fetch manifest react@latest
188 silly packumentCache full:https://registry.npmjs.org/react cache-miss
189 http fetch GET 200 https://registry.npmjs.org/react 378ms (cache miss)
190 silly packumentCache full:https://registry.npmjs.org/react set size:undefined disposed:false
191 silly fetch manifest react-dom@latest
192 silly packumentCache full:https://registry.npmjs.org/react-dom cache-miss
193 http fetch GET 200 https://registry.npmjs.org/react-dom 408ms (cache miss)
194 silly packumentCache full:https://registry.npmjs.org/react-dom set size:undefined disposed:false
195 silly fetch manifest tailwindcss@latest
196 silly packumentCache full:https://registry.npmjs.org/tailwindcss cache-miss
197 http fetch GET 200 https://registry.npmjs.org/tailwindcss 378ms (cache miss)
198 silly packumentCache full:https://registry.npmjs.org/tailwindcss set size:undefined disposed:false
199 silly fetch manifest @tailwindcss/vite@latest
200 silly packumentCache full:https://registry.npmjs.org/@tailwindcss%2fvite cache-miss
201 http fetch GET 200 https://registry.npmjs.org/@tailwindcss%2fvite 237ms (cache miss)
202 silly packumentCache full:https://registry.npmjs.org/@tailwindcss%2fvite set size:undefined disposed:false
203 silly fetch manifest lucide-react@latest
204 silly packumentCache full:https://registry.npmjs.org/lucide-react cache-miss
205 http fetch GET 200 https://registry.npmjs.org/lucide-react 243ms (cache miss)
206 silly packumentCache full:https://registry.npmjs.org/lucide-react set size:undefined disposed:false
207 silly placeDep ROOT @tailwindcss/vite@4.3.3 OK for: dera-one-four@0.1.0 want: latest
208 silly placeDep ROOT vite@8.3.0 OK for: @tailwindcss/vite@4.3.3 want: ^5.2.0 || ^6 || ^7 || ^8
209 silly placeDep ROOT @vitejs/plugin-react@6.1.1 OK for: dera-one-four@0.1.0 want: latest
210 silly placeDep ROOT lucide-react@1.47.0 OK for: dera-one-four@0.1.0 want: latest
211 silly placeDep ROOT react@19.3.0 OK for: lucide-react@1.47.0 want: ^16.5.1 || ^17.0.0 || ^18.0.0 || ^19.0.0
212 silly placeDep ROOT react-dom@19.3.0 OK for: dera-one-four@0.1.0 want: latest
213 silly placeDep ROOT tailwindcss@4.3.3 OK for: dera-one-four@0.1.0 want: latest
214 silly placeDep ROOT typescript@7.0.2 OK for: dera-one-four@0.1.0 want: latest
215 silly fetch manifest tailwindcss@4.3.3
216 silly packumentCache full:https://registry.npmjs.org/tailwindcss cache-miss
217 silly fetch manifest @tailwindcss/node@4.3.3
218 silly packumentCache full:https://registry.npmjs.org/@tailwindcss%2fnode cache-miss
219 silly fetch manifest @tailwindcss/oxide@4.3.3
220 silly packumentCache full:https://registry.npmjs.org/@tailwindcss%2foxide cache-miss
221 silly fetch manifest postcss@^8.5.28
222 silly packumentCache full:https://registry.npmjs.org/postcss cache-miss
223 silly fetch manifest rolldown@~1.2.6
224 silly packumentCache full:https://registry.npmjs.org/rolldown cache-miss
225 silly fetch manifest picomatch@^4.0.7
226 silly packumentCache full:https://registry.npmjs.org/picomatch cache-miss
227 silly fetch manifest tinyglobby@^0.2.17
228 silly packumentCache full:https://registry.npmjs.org/tinyglobby cache-miss
229 silly fetch manifest lightningcss@^1.33.0
230 silly packumentCache full:https://registry.npmjs.org/lightningcss cache-miss
231 silly fetch manifest fsevents@~2.3.3
232 silly packumentCache full:https://registry.npmjs.org/fsevents cache-miss
233 silly fetch manifest @rolldown/pluginutils@^1.0.1
234 silly packumentCache full:https://registry.npmjs.org/@rolldown%2fpluginutils cache-miss
235 silly fetch manifest scheduler@^0.28.0
236 silly packumentCache full:https://registry.npmjs.org/scheduler cache-miss
237 http cache https://registry.npmjs.org/postcss 67ms (cache hit)
238 silly packumentCache full:https://registry.npmjs.org/postcss set size:766699 disposed:false
239 silly fetch manifest @typescript/typescript-aix-ppc64@7.0.2
240 silly packumentCache full:https://registry.npmjs.org/@typescript%2ftypescript-aix-ppc64 cache-miss
241 http cache https://registry.npmjs.org/tailwindcss 105ms (cache hit)
242 silly packumentCache full:https://registry.npmjs.org/tailwindcss set size:10879261 disposed:false
243 silly fetch manifest @typescript/typescript-linux-arm@7.0.2
244 silly packumentCache full:https://registry.npmjs.org/@typescript%2ftypescript-linux-arm cache-miss
245 http cache https://registry.npmjs.org/rolldown 160ms (cache hit)
246 silly packumentCache full:https://registry.npmjs.org/rolldown set size:3821542 disposed:false
247 silly fetch manifest @typescript/typescript-linux-x64@7.0.2
248 silly packumentCache full:https://registry.npmjs.org/@typescript%2ftypescript-linux-x64 cache-miss
249 http fetch GET 200 https://registry.npmjs.org/@tailwindcss%2fnode 268ms (cache miss)
250 silly packumentCache full:https://registry.npmjs.org/@tailwindcss%2fnode set size:undefined disposed:false
251 silly fetch manifest @typescript/typescript-sunos-x64@7.0.2
252 silly packumentCache full:https://registry.npmjs.org/@typescript%2ftypescript-sunos-x64 cache-miss
253 http fetch GET 200 https://registry.npmjs.org/@tailwindcss%2foxide 322ms (cache miss)
254 silly packumentCache full:https://registry.npmjs.org/@tailwindcss%2foxide set size:undefined disposed:false
255 silly fetch manifest @typescript/typescript-win32-x64@7.0.2
256 silly packumentCache full:https://registry.npmjs.org/@typescript%2ftypescript-win32-x64 cache-miss
257 http fetch GET 200 https://registry.npmjs.org/@typescript%2ftypescript-sunos-x64 174ms (cache miss)
258 silly packumentCache full:https://registry.npmjs.org/@typescript%2ftypescript-sunos-x64 set size:undefined disposed:false
259 silly fetch manifest @typescript/typescript-darwin-x64@7.0.2
260 silly packumentCache full:https://registry.npmjs.org/@typescript%2ftypescript-darwin-x64 cache-miss
261 http fetch GET 200 https://registry.npmjs.org/@typescript%2ftypescript-win32-x64 189ms (cache miss)
262 silly packumentCache full:https://registry.npmjs.org/@typescript%2ftypescript-win32-x64 set size:undefined disposed:false
263 silly fetch manifest @typescript/typescript-netbsd-x64@7.0.2
264 silly packumentCache full:https://registry.npmjs.org/@typescript%2ftypescript-netbsd-x64 cache-miss
265 http fetch GET 200 https://registry.npmjs.org/@typescript%2ftypescript-darwin-x64 185ms (cache miss)
266 silly packumentCache full:https://registry.npmjs.org/@typescript%2ftypescript-darwin-x64 set size:undefined disposed:false
267 silly fetch manifest @typescript/typescript-freebsd-x64@7.0.2
268 silly packumentCache full:https://registry.npmjs.org/@typescript%2ftypescript-freebsd-x64 cache-miss
269 http fetch GET 200 https://registry.npmjs.org/lightningcss 687ms (cache miss)
270 silly packumentCache full:https://registry.npmjs.org/lightningcss set size:undefined disposed:false
271 silly fetch manifest @typescript/typescript-linux-arm64@7.0.2
272 silly packumentCache full:https://registry.npmjs.org/@typescript%2ftypescript-linux-arm64 cache-miss
273 http fetch GET 200 https://registry.npmjs.org/fsevents 707ms (cache miss)
274 silly packumentCache full:https://registry.npmjs.org/fsevents set size:undefined disposed:false
275 silly fetch manifest @typescript/typescript-linux-ppc64@7.0.2
276 silly packumentCache full:https://registry.npmjs.org/@typescript%2ftypescript-linux-ppc64 cache-miss
277 http fetch GET 200 https://registry.npmjs.org/@typescript%2ftypescript-netbsd-x64 185ms (cache miss)
278 silly packumentCache full:https://registry.npmjs.org/@typescript%2ftypescript-netbsd-x64 set size:undefined disposed:false
279 silly fetch manifest @typescript/typescript-linux-s390x@7.0.2
280 silly packumentCache full:https://registry.npmjs.org/@typescript%2ftypescript-linux-s390x cache-miss
281 http fetch GET 200 https://registry.npmjs.org/tinyglobby 719ms (cache miss)
282 silly packumentCache full:https://registry.npmjs.org/tinyglobby set size:undefined disposed:false
283 silly fetch manifest @typescript/typescript-openbsd-x64@7.0.2
284 silly packumentCache full:https://registry.npmjs.org/@typescript%2ftypescript-openbsd-x64 cache-miss
285 http fetch GET 200 https://registry.npmjs.org/@rolldown%2fpluginutils 726ms (cache miss)
286 silly packumentCache full:https://registry.npmjs.org/@rolldown%2fpluginutils set size:undefined disposed:false
287 silly fetch manifest @typescript/typescript-win32-arm64@7.0.2
288 silly packumentCache full:https://registry.npmjs.org/@typescript%2ftypescript-win32-arm64 cache-miss
289 http fetch GET 200 https://registry.npmjs.org/picomatch 733ms (cache miss)
290 silly packumentCache full:https://registry.npmjs.org/picomatch set size:undefined disposed:false
291 silly fetch manifest @typescript/typescript-darwin-arm64@7.0.2
292 silly packumentCache full:https://registry.npmjs.org/@typescript%2ftypescript-darwin-arm64 cache-miss
293 http fetch GET 200 https://registry.npmjs.org/@typescript%2ftypescript-aix-ppc64 738ms (cache miss)
294 silly packumentCache full:https://registry.npmjs.org/@typescript%2ftypescript-aix-ppc64 set size:undefined disposed:false
295 silly fetch manifest @typescript/typescript-netbsd-arm64@7.0.2
296 silly packumentCache full:https://registry.npmjs.org/@typescript%2ftypescript-netbsd-arm64 cache-miss
297 http fetch GET 200 https://registry.npmjs.org/@typescript%2ftypescript-freebsd-x64 193ms (cache miss)
298 silly packumentCache full:https://registry.npmjs.org/@typescript%2ftypescript-freebsd-x64 set size:undefined disposed:false
299 silly fetch manifest @typescript/typescript-freebsd-arm64@7.0.2
300 silly packumentCache full:https://registry.npmjs.org/@typescript%2ftypescript-freebsd-arm64 cache-miss
301 http fetch GET 200 https://registry.npmjs.org/@typescript%2ftypescript-linux-arm 700ms (cache miss)
302 silly packumentCache full:https://registry.npmjs.org/@typescript%2ftypescript-linux-arm set size:undefined disposed:false
303 silly fetch manifest @typescript/typescript-linux-loong64@7.0.2
304 silly packumentCache full:https://registry.npmjs.org/@typescript%2ftypescript-linux-loong64 cache-miss
305 http fetch GET 200 https://registry.npmjs.org/@typescript%2ftypescript-linux-x64 678ms (cache miss)
306 silly packumentCache full:https://registry.npmjs.org/@typescript%2ftypescript-linux-x64 set size:undefined disposed:false
307 silly fetch manifest @typescript/typescript-linux-riscv64@7.0.2
308 silly packumentCache full:https://registry.npmjs.org/@typescript%2ftypescript-linux-riscv64 cache-miss
309 http fetch GET 200 https://registry.npmjs.org/@typescript%2ftypescript-linux-ppc64 194ms (cache miss)
310 silly packumentCache full:https://registry.npmjs.org/@typescript%2ftypescript-linux-ppc64 set size:undefined disposed:false
311 silly fetch manifest @typescript/typescript-openbsd-arm64@7.0.2
312 silly packumentCache full:https://registry.npmjs.org/@typescript%2ftypescript-openbsd-arm64 cache-miss
313 http fetch GET 200 https://registry.npmjs.org/@typescript%2ftypescript-linux-arm64 220ms (cache miss)
314 silly packumentCache full:https://registry.npmjs.org/@typescript%2ftypescript-linux-arm64 set size:undefined disposed:false
315 silly fetch manifest @typescript/typescript-linux-mips64el@7.0.2
316 silly packumentCache full:https://registry.npmjs.org/@typescript%2ftypescript-linux-mips64el cache-miss
317 http fetch GET 200 https://registry.npmjs.org/@typescript%2ftypescript-openbsd-x64 195ms (cache miss)
318 silly packumentCache full:https://registry.npmjs.org/@typescript%2ftypescript-openbsd-x64 set size:undefined disposed:false
319 http fetch GET 200 https://registry.npmjs.org/@typescript%2ftypescript-linux-s390x 208ms (cache miss)
320 silly packumentCache full:https://registry.npmjs.org/@typescript%2ftypescript-linux-s390x set size:undefined disposed:false
321 http fetch GET 200 https://registry.npmjs.org/@typescript%2ftypescript-win32-arm64 199ms (cache miss)
322 silly packumentCache full:https://registry.npmjs.org/@typescript%2ftypescript-win32-arm64 set size:undefined disposed:false
323 http fetch GET 200 https://registry.npmjs.org/@typescript%2ftypescript-darwin-arm64 211ms (cache miss)
324 silly packumentCache full:https://registry.npmjs.org/@typescript%2ftypescript-darwin-arm64 set size:undefined disposed:false
325 http fetch GET 200 https://registry.npmjs.org/@typescript%2ftypescript-netbsd-arm64 199ms (cache miss)
326 silly packumentCache full:https://registry.npmjs.org/@typescript%2ftypescript-netbsd-arm64 set size:undefined disposed:false
327 http fetch GET 200 https://registry.npmjs.org/@typescript%2ftypescript-freebsd-arm64 183ms (cache miss)
328 silly packumentCache full:https://registry.npmjs.org/@typescript%2ftypescript-freebsd-arm64 set size:undefined disposed:false
329 http fetch GET 200 https://registry.npmjs.org/@typescript%2ftypescript-linux-loong64 187ms (cache miss)
330 silly packumentCache full:https://registry.npmjs.org/@typescript%2ftypescript-linux-loong64 set size:undefined disposed:false
331 http fetch GET 200 https://registry.npmjs.org/@typescript%2ftypescript-linux-riscv64 201ms (cache miss)
332 silly packumentCache full:https://registry.npmjs.org/@typescript%2ftypescript-linux-riscv64 set size:undefined disposed:false
333 http fetch GET 200 https://registry.npmjs.org/@typescript%2ftypescript-openbsd-arm64 198ms (cache miss)
334 silly packumentCache full:https://registry.npmjs.org/@typescript%2ftypescript-openbsd-arm64 set size:undefined disposed:false
335 http fetch GET 200 https://registry.npmjs.org/@typescript%2ftypescript-linux-mips64el 207ms (cache miss)
336 silly packumentCache full:https://registry.npmjs.org/@typescript%2ftypescript-linux-mips64el set size:undefined disposed:false
337 http fetch GET 200 https://registry.npmjs.org/scheduler 1688ms (cache miss)
338 silly packumentCache full:https://registry.npmjs.org/scheduler set size:undefined disposed:false
339 silly placeDep ROOT @tailwindcss/node@4.3.3 OK for: @tailwindcss/vite@4.3.3 want: 4.3.3
340 silly placeDep ROOT @tailwindcss/oxide@4.3.3 OK for: @tailwindcss/vite@4.3.3 want: 4.3.3
341 silly fetch manifest jiti@^2.7.0
342 silly packumentCache full:https://registry.npmjs.org/jiti cache-miss
343 silly fetch manifest lightningcss@1.32.0
344 silly packumentCache full:https://registry.npmjs.org/lightningcss cache-miss
345 silly fetch manifest magic-string@^0.30.21
346 silly packumentCache full:https://registry.npmjs.org/magic-string cache-miss
347 silly fetch manifest source-map-js@^1.2.1
348 silly packumentCache full:https://registry.npmjs.org/source-map-js cache-miss
349 silly fetch manifest enhanced-resolve@^5.24.1
350 silly packumentCache full:https://registry.npmjs.org/enhanced-resolve cache-miss
351 silly fetch manifest @jridgewell/remapping@^2.3.5
352 silly packumentCache full:https://registry.npmjs.org/@jridgewell%2fremapping cache-miss
353 silly fetch manifest @tailwindcss/oxide-darwin-x64@4.3.3
354 silly packumentCache full:https://registry.npmjs.org/@tailwindcss%2foxide-darwin-x64 cache-miss
355 silly fetch manifest @tailwindcss/oxide-freebsd-x64@4.3.3
356 silly packumentCache full:https://registry.npmjs.org/@tailwindcss%2foxide-freebsd-x64 cache-miss
357 silly fetch manifest @tailwindcss/oxide-wasm32-wasi@4.3.3
358 silly packumentCache full:https://registry.npmjs.org/@tailwindcss%2foxide-wasm32-wasi cache-miss
359 silly fetch manifest @tailwindcss/oxide-darwin-arm64@4.3.3
360 silly packumentCache full:https://registry.npmjs.org/@tailwindcss%2foxide-darwin-arm64 cache-miss
361 silly fetch manifest @tailwindcss/oxide-android-arm64@4.3.3
362 silly packumentCache full:https://registry.npmjs.org/@tailwindcss%2foxide-android-arm64 cache-miss
363 http cache https://registry.npmjs.org/lightningcss 43ms (cache hit)
364 silly packumentCache full:https://registry.npmjs.org/lightningcss set size:191065 disposed:false
365 silly fetch manifest @tailwindcss/oxide-linux-x64-gnu@4.3.3
366 silly packumentCache full:https://registry.npmjs.org/@tailwindcss%2foxide-linux-x64-gnu cache-miss
367 http cache https://registry.npmjs.org/jiti 47ms (cache hit)
368 silly packumentCache full:https://registry.npmjs.org/jiti set size:387989 disposed:false
369 silly fetch manifest @tailwindcss/oxide-linux-x64-musl@4.3.3
370 silly packumentCache full:https://registry.npmjs.org/@tailwindcss%2foxide-linux-x64-musl cache-miss
371 http fetch GET 200 https://registry.npmjs.org/magic-string 198ms (cache miss)
372 silly packumentCache full:https://registry.npmjs.org/magic-string set size:undefined disposed:false
373 silly fetch manifest @tailwindcss/oxide-win32-x64-msvc@4.3.3
374 silly packumentCache full:https://registry.npmjs.org/@tailwindcss%2foxide-win32-x64-msvc cache-miss
375 http fetch GET 200 https://registry.npmjs.org/source-map-js 213ms (cache miss)
376 silly packumentCache full:https://registry.npmjs.org/source-map-js set size:undefined disposed:false
377 silly fetch manifest @tailwindcss/oxide-linux-arm64-gnu@4.3.3
378 silly packumentCache full:https://registry.npmjs.org/@tailwindcss%2foxide-linux-arm64-gnu cache-miss
379 http fetch GET 200 https://registry.npmjs.org/@jridgewell%2fremapping 213ms (cache miss)
380 silly packumentCache full:https://registry.npmjs.org/@jridgewell%2fremapping set size:undefined disposed:false
381 silly fetch manifest @tailwindcss/oxide-linux-arm64-musl@4.3.3
382 silly packumentCache full:https://registry.npmjs.org/@tailwindcss%2foxide-linux-arm64-musl cache-miss
383 http fetch GET 200 https://registry.npmjs.org/enhanced-resolve 413ms (cache miss)
384 silly packumentCache full:https://registry.npmjs.org/enhanced-resolve set size:undefined disposed:false
385 silly fetch manifest @tailwindcss/oxide-win32-arm64-msvc@4.3.3
386 silly packumentCache full:https://registry.npmjs.org/@tailwindcss%2foxide-win32-arm64-msvc cache-miss
387 http fetch GET 200 https://registry.npmjs.org/@tailwindcss%2foxide-linux-x64-musl 451ms (cache miss)
388 silly packumentCache full:https://registry.npmjs.org/@tailwindcss%2foxide-linux-x64-musl set size:undefined disposed:false
389 silly fetch manifest @tailwindcss/oxide-linux-arm-gnueabihf@4.3.3
390 silly packumentCache full:https://registry.npmjs.org/@tailwindcss%2foxide-linux-arm-gnueabihf cache-miss
391 http fetch GET 200 https://registry.npmjs.org/@tailwindcss%2foxide-wasm32-wasi 536ms (cache miss)
392 silly packumentCache full:https://registry.npmjs.org/@tailwindcss%2foxide-wasm32-wasi set size:undefined disposed:false
393 http fetch GET 200 https://registry.npmjs.org/@tailwindcss%2foxide-freebsd-x64 546ms (cache miss)
394 silly packumentCache full:https://registry.npmjs.org/@tailwindcss%2foxide-freebsd-x64 set size:undefined disposed:false
395 http fetch GET 200 https://registry.npmjs.org/@tailwindcss%2foxide-android-arm64 601ms (cache miss)
396 silly packumentCache full:https://registry.npmjs.org/@tailwindcss%2foxide-android-arm64 set size:undefined disposed:false
397 http fetch GET 200 https://registry.npmjs.org/@tailwindcss%2foxide-win32-x64-msvc 516ms (cache miss)
398 silly packumentCache full:https://registry.npmjs.org/@tailwindcss%2foxide-win32-x64-msvc set size:undefined disposed:false
399 http fetch GET 200 https://registry.npmjs.org/@tailwindcss%2foxide-win32-arm64-msvc 329ms (cache miss)
400 silly packumentCache full:https://registry.npmjs.org/@tailwindcss%2foxide-win32-arm64-msvc set size:undefined disposed:false
401 http fetch GET 200 https://registry.npmjs.org/@tailwindcss%2foxide-linux-x64-gnu 863ms (cache miss)
402 silly packumentCache full:https://registry.npmjs.org/@tailwindcss%2foxide-linux-x64-gnu set size:undefined disposed:false
403 http fetch GET 200 https://registry.npmjs.org/@tailwindcss%2foxide-darwin-arm64 936ms (cache miss)
404 silly packumentCache full:https://registry.npmjs.org/@tailwindcss%2foxide-darwin-arm64 set size:undefined disposed:false
405 http fetch GET 200 https://registry.npmjs.org/@tailwindcss%2foxide-darwin-x64 965ms (cache miss)
406 silly packumentCache full:https://registry.npmjs.org/@tailwindcss%2foxide-darwin-x64 set size:undefined disposed:false
407 http fetch GET 200 https://registry.npmjs.org/@tailwindcss%2foxide-linux-arm64-gnu 853ms (cache miss)
408 silly packumentCache full:https://registry.npmjs.org/@tailwindcss%2foxide-linux-arm64-gnu set size:undefined disposed:false
409 http fetch GET 200 https://registry.npmjs.org/@tailwindcss%2foxide-linux-arm-gnueabihf 589ms (cache miss)
410 silly packumentCache full:https://registry.npmjs.org/@tailwindcss%2foxide-linux-arm-gnueabihf set size:undefined disposed:false
411 http fetch GET 200 https://registry.npmjs.org/@tailwindcss%2foxide-linux-arm64-musl 929ms (cache miss)
412 silly packumentCache full:https://registry.npmjs.org/@tailwindcss%2foxide-linux-arm64-musl set size:undefined disposed:false
413 silly placeDep ROOT @jridgewell/remapping@2.3.5 OK for: @tailwindcss/node@4.3.3 want: ^2.3.5
414 silly placeDep ROOT enhanced-resolve@5.25.1 OK for: @tailwindcss/node@4.3.3 want: ^5.24.1
415 silly placeDep ROOT jiti@2.7.0 OK for: @tailwindcss/node@4.3.3 want: ^2.7.0
416 silly placeDep ROOT lightningcss@1.32.0 OK for: @tailwindcss/node@4.3.3 want: 1.32.0
417 silly placeDep ROOT magic-string@0.30.21 OK for: @tailwindcss/node@4.3.3 want: ^0.30.21
418 silly placeDep ROOT source-map-js@1.2.1 OK for: @tailwindcss/node@4.3.3 want: ^1.2.1
419 silly fetch manifest @jridgewell/gen-mapping@^0.3.5
420 silly packumentCache full:https://registry.npmjs.org/@jridgewell%2fgen-mapping cache-miss
421 silly fetch manifest @jridgewell/trace-mapping@^0.3.24
422 silly packumentCache full:https://registry.npmjs.org/@jridgewell%2ftrace-mapping cache-miss
423 silly fetch manifest tapable@^2.3.3
424 silly packumentCache full:https://registry.npmjs.org/tapable cache-miss
425 silly fetch manifest graceful-fs@^4.2.4
426 silly packumentCache full:https://registry.npmjs.org/graceful-fs cache-miss
427 silly fetch manifest detect-libc@^2.0.3
428 silly packumentCache full:https://registry.npmjs.org/detect-libc cache-miss
429 silly fetch manifest lightningcss-darwin-x64@1.32.0
430 silly packumentCache full:https://registry.npmjs.org/lightningcss-darwin-x64 cache-miss
431 silly fetch manifest lightningcss-freebsd-x64@1.32.0
432 silly packumentCache full:https://registry.npmjs.org/lightningcss-freebsd-x64 cache-miss
433 silly fetch manifest lightningcss-darwin-arm64@1.32.0
434 silly packumentCache full:https://registry.npmjs.org/lightningcss-darwin-arm64 cache-miss
435 silly fetch manifest lightningcss-android-arm64@1.32.0
436 silly packumentCache full:https://registry.npmjs.org/lightningcss-android-arm64 cache-miss
437 silly fetch manifest lightningcss-linux-x64-gnu@1.32.0
438 silly packumentCache full:https://registry.npmjs.org/lightningcss-linux-x64-gnu cache-miss
439 silly fetch manifest lightningcss-linux-x64-musl@1.32.0
440 silly packumentCache full:https://registry.npmjs.org/lightningcss-linux-x64-musl cache-miss
441 http fetch GET 200 https://registry.npmjs.org/@jridgewell%2fgen-mapping 219ms (cache miss)
442 silly packumentCache full:https://registry.npmjs.org/@jridgewell%2fgen-mapping set size:undefined disposed:false
443 silly fetch manifest lightningcss-win32-x64-msvc@1.32.0
444 silly packumentCache full:https://registry.npmjs.org/lightningcss-win32-x64-msvc cache-miss
445 http fetch GET 200 https://registry.npmjs.org/lightningcss-freebsd-x64 223ms (cache miss)
446 silly packumentCache full:https://registry.npmjs.org/lightningcss-freebsd-x64 set size:undefined disposed:false
447 silly fetch manifest lightningcss-linux-arm64-gnu@1.32.0
448 silly packumentCache full:https://registry.npmjs.org/lightningcss-linux-arm64-gnu cache-miss
449 http fetch GET 200 https://registry.npmjs.org/lightningcss-android-arm64 224ms (cache miss)
450 silly packumentCache full:https://registry.npmjs.org/lightningcss-android-arm64 set size:undefined disposed:false
451 silly fetch manifest lightningcss-linux-arm64-musl@1.32.0
452 silly packumentCache full:https://registry.npmjs.org/lightningcss-linux-arm64-musl cache-miss
453 http fetch GET 200 https://registry.npmjs.org/graceful-fs 231ms (cache miss)
454 silly packumentCache full:https://registry.npmjs.org/graceful-fs set size:undefined disposed:false
455 silly fetch manifest lightningcss-win32-arm64-msvc@1.32.0
456 silly packumentCache full:https://registry.npmjs.org/lightningcss-win32-arm64-msvc cache-miss
457 http fetch GET 200 https://registry.npmjs.org/lightningcss-linux-x64-gnu 238ms (cache miss)
458 silly packumentCache full:https://registry.npmjs.org/lightningcss-linux-x64-gnu set size:undefined disposed:false
459 silly fetch manifest lightningcss-linux-arm-gnueabihf@1.32.0
460 silly packumentCache full:https://registry.npmjs.org/lightningcss-linux-arm-gnueabihf cache-miss
461 http fetch GET 200 https://registry.npmjs.org/detect-libc 243ms (cache miss)
462 silly packumentCache full:https://registry.npmjs.org/detect-libc set size:undefined disposed:false
463 silly fetch manifest @jridgewell/sourcemap-codec@^1.5.5
464 silly packumentCache full:https://registry.npmjs.org/@jridgewell%2fsourcemap-codec cache-miss
465 http fetch GET 200 https://registry.npmjs.org/lightningcss-darwin-arm64 247ms (cache miss)
466 silly packumentCache full:https://registry.npmjs.org/lightningcss-darwin-arm64 set size:undefined disposed:false
467 http fetch GET 200 https://registry.npmjs.org/lightningcss-linux-x64-musl 247ms (cache miss)
468 silly packumentCache full:https://registry.npmjs.org/lightningcss-linux-x64-musl set size:undefined disposed:false
469 http fetch GET 200 https://registry.npmjs.org/lightningcss-darwin-x64 251ms (cache miss)
470 silly packumentCache full:https://registry.npmjs.org/lightningcss-darwin-x64 set size:undefined disposed:false
471 http fetch GET 200 https://registry.npmjs.org/tapable 255ms (cache miss)
472 silly packumentCache full:https://registry.npmjs.org/tapable set size:undefined disposed:false
473 http fetch GET 200 https://registry.npmjs.org/@jridgewell%2ftrace-mapping 258ms (cache miss)
474 silly packumentCache full:https://registry.npmjs.org/@jridgewell%2ftrace-mapping set size:undefined disposed:false
475 http fetch GET 200 https://registry.npmjs.org/lightningcss-win32-x64-msvc 186ms (cache miss)
476 silly packumentCache full:https://registry.npmjs.org/lightningcss-win32-x64-msvc set size:undefined disposed:false
477 http fetch GET 200 https://registry.npmjs.org/lightningcss-linux-arm64-gnu 184ms (cache miss)
478 silly packumentCache full:https://registry.npmjs.org/lightningcss-linux-arm64-gnu set size:undefined disposed:false
479 http fetch GET 200 https://registry.npmjs.org/lightningcss-linux-arm64-musl 221ms (cache miss)
480 silly packumentCache full:https://registry.npmjs.org/lightningcss-linux-arm64-musl set size:undefined disposed:false
481 http fetch GET 200 https://registry.npmjs.org/lightningcss-linux-arm-gnueabihf 212ms (cache miss)
482 silly packumentCache full:https://registry.npmjs.org/lightningcss-linux-arm-gnueabihf set size:undefined disposed:false
483 http fetch GET 200 https://registry.npmjs.org/lightningcss-win32-arm64-msvc 223ms (cache miss)
484 silly packumentCache full:https://registry.npmjs.org/lightningcss-win32-arm64-msvc set size:undefined disposed:false
485 http fetch GET 200 https://registry.npmjs.org/@jridgewell%2fsourcemap-codec 223ms (cache miss)
486 silly packumentCache full:https://registry.npmjs.org/@jridgewell%2fsourcemap-codec set size:undefined disposed:false
487 silly placeDep ROOT @jridgewell/gen-mapping@0.3.13 OK for: @jridgewell/remapping@2.3.5 want: ^0.3.5
488 silly placeDep ROOT @jridgewell/trace-mapping@0.3.31 OK for: @jridgewell/remapping@2.3.5 want: ^0.3.24
489 silly fetch manifest @jridgewell/sourcemap-codec@^1.5.0
490 silly packumentCache full:https://registry.npmjs.org/@jridgewell%2fsourcemap-codec cache-miss
491 silly fetch manifest @jridgewell/resolve-uri@^3.1.0
492 silly packumentCache full:https://registry.npmjs.org/@jridgewell%2fresolve-uri cache-miss
493 silly fetch manifest @jridgewell/sourcemap-codec@^1.4.14
494 silly packumentCache full:https://registry.npmjs.org/@jridgewell%2fsourcemap-codec cache-miss
495 http cache https://registry.npmjs.org/@jridgewell%2fsourcemap-codec 37ms (cache hit)
496 silly packumentCache full:https://registry.npmjs.org/@jridgewell%2fsourcemap-codec set size:65255 disposed:false
497 http cache https://registry.npmjs.org/@jridgewell%2fsourcemap-codec 39ms (cache hit)
498 silly packumentCache full:https://registry.npmjs.org/@jridgewell%2fsourcemap-codec set size:65255 disposed:false
499 silly packumentCache full:https://registry.npmjs.org/@jridgewell%2fsourcemap-codec dispose
500 http fetch GET 200 https://registry.npmjs.org/@jridgewell%2fresolve-uri 214ms (cache miss)
501 silly packumentCache full:https://registry.npmjs.org/@jridgewell%2fresolve-uri set size:undefined disposed:false
502 silly placeDep ROOT @jridgewell/sourcemap-codec@1.6.0 OK for: @jridgewell/gen-mapping@0.3.13 want: ^1.5.0
503 silly placeDep ROOT @jridgewell/resolve-uri@3.1.2 OK for: @jridgewell/trace-mapping@0.3.31 want: ^3.1.0
504 silly placeDep ROOT @tailwindcss/oxide-android-arm64@4.3.3 OK for: @tailwindcss/oxide@4.3.3 want: 4.3.3
505 silly placeDep ROOT @tailwindcss/oxide-darwin-arm64@4.3.3 OK for: @tailwindcss/oxide@4.3.3 want: 4.3.3
506 silly placeDep ROOT @tailwindcss/oxide-darwin-x64@4.3.3 OK for: @tailwindcss/oxide@4.3.3 want: 4.3.3
507 silly placeDep ROOT @tailwindcss/oxide-freebsd-x64@4.3.3 OK for: @tailwindcss/oxide@4.3.3 want: 4.3.3
508 silly placeDep ROOT @tailwindcss/oxide-linux-arm-gnueabihf@4.3.3 OK for: @tailwindcss/oxide@4.3.3 want: 4.3.3
509 silly placeDep ROOT @tailwindcss/oxide-linux-arm64-gnu@4.3.3 OK for: @tailwindcss/oxide@4.3.3 want: 4.3.3
510 silly placeDep ROOT @tailwindcss/oxide-linux-arm64-musl@4.3.3 OK for: @tailwindcss/oxide@4.3.3 want: 4.3.3
511 silly placeDep ROOT @tailwindcss/oxide-linux-x64-gnu@4.3.3 OK for: @tailwindcss/oxide@4.3.3 want: 4.3.3
512 silly placeDep ROOT @tailwindcss/oxide-linux-x64-musl@4.3.3 OK for: @tailwindcss/oxide@4.3.3 want: 4.3.3
513 silly placeDep ROOT @tailwindcss/oxide-wasm32-wasi@4.3.3 OK for: @tailwindcss/oxide@4.3.3 want: 4.3.3
514 silly placeDep ROOT @tailwindcss/oxide-win32-arm64-msvc@4.3.3 OK for: @tailwindcss/oxide@4.3.3 want: 4.3.3
515 silly placeDep ROOT @tailwindcss/oxide-win32-x64-msvc@4.3.3 OK for: @tailwindcss/oxide@4.3.3 want: 4.3.3
516 silly placeDep ROOT @rolldown/pluginutils@1.0.1 OK for: @vitejs/plugin-react@6.1.1 want: ^1.0.1
517 silly placeDep ROOT graceful-fs@4.2.11 OK for: enhanced-resolve@5.25.1 want: ^4.2.4
518 silly placeDep ROOT tapable@2.3.3 OK for: enhanced-resolve@5.25.1 want: ^2.3.3
519 silly placeDep ROOT detect-libc@2.1.2 OK for: lightningcss@1.32.0 want: ^2.0.3
520 silly placeDep ROOT lightningcss-android-arm64@1.32.0 OK for: lightningcss@1.32.0 want: 1.32.0
521 silly placeDep ROOT lightningcss-darwin-arm64@1.32.0 OK for: lightningcss@1.32.0 want: 1.32.0
522 silly placeDep ROOT lightningcss-darwin-x64@1.32.0 OK for: lightningcss@1.32.0 want: 1.32.0
523 silly placeDep ROOT lightningcss-freebsd-x64@1.32.0 OK for: lightningcss@1.32.0 want: 1.32.0
524 silly placeDep ROOT lightningcss-linux-arm-gnueabihf@1.32.0 OK for: lightningcss@1.32.0 want: 1.32.0
525 silly placeDep ROOT lightningcss-linux-arm64-gnu@1.32.0 OK for: lightningcss@1.32.0 want: 1.32.0
526 silly placeDep ROOT lightningcss-linux-arm64-musl@1.32.0 OK for: lightningcss@1.32.0 want: 1.32.0
527 silly placeDep ROOT lightningcss-linux-x64-gnu@1.32.0 OK for: lightningcss@1.32.0 want: 1.32.0
528 silly placeDep ROOT lightningcss-linux-x64-musl@1.32.0 OK for: lightningcss@1.32.0 want: 1.32.0
529 silly placeDep ROOT lightningcss-win32-arm64-msvc@1.32.0 OK for: lightningcss@1.32.0 want: 1.32.0
530 silly placeDep ROOT lightningcss-win32-x64-msvc@1.32.0 OK for: lightningcss@1.32.0 want: 1.32.0
531 silly placeDep ROOT scheduler@0.28.0 OK for: react-dom@19.3.0 want: ^0.28.0
532 silly placeDep ROOT @typescript/typescript-aix-ppc64@7.0.2 OK for: typescript@7.0.2 want: 7.0.2
533 silly placeDep ROOT @typescript/typescript-darwin-arm64@7.0.2 OK for: typescript@7.0.2 want: 7.0.2
534 silly placeDep ROOT @typescript/typescript-darwin-x64@7.0.2 OK for: typescript@7.0.2 want: 7.0.2
535 silly placeDep ROOT @typescript/typescript-freebsd-arm64@7.0.2 OK for: typescript@7.0.2 want: 7.0.2
536 silly placeDep ROOT @typescript/typescript-freebsd-x64@7.0.2 OK for: typescript@7.0.2 want: 7.0.2
537 silly placeDep ROOT @typescript/typescript-linux-arm@7.0.2 OK for: typescript@7.0.2 want: 7.0.2
538 silly placeDep ROOT @typescript/typescript-linux-arm64@7.0.2 OK for: typescript@7.0.2 want: 7.0.2
539 silly placeDep ROOT @typescript/typescript-linux-loong64@7.0.2 OK for: typescript@7.0.2 want: 7.0.2
540 silly placeDep ROOT @typescript/typescript-linux-mips64el@7.0.2 OK for: typescript@7.0.2 want: 7.0.2
541 silly placeDep ROOT @typescript/typescript-linux-ppc64@7.0.2 OK for: typescript@7.0.2 want: 7.0.2
542 silly placeDep ROOT @typescript/typescript-linux-riscv64@7.0.2 OK for: typescript@7.0.2 want: 7.0.2
543 silly placeDep ROOT @typescript/typescript-linux-s390x@7.0.2 OK for: typescript@7.0.2 want: 7.0.2
544 silly placeDep ROOT @typescript/typescript-linux-x64@7.0.2 OK for: typescript@7.0.2 want: 7.0.2
545 silly placeDep ROOT @typescript/typescript-netbsd-arm64@7.0.2 OK for: typescript@7.0.2 want: 7.0.2
546 silly placeDep ROOT @typescript/typescript-netbsd-x64@7.0.2 OK for: typescript@7.0.2 want: 7.0.2
547 silly placeDep ROOT @typescript/typescript-openbsd-arm64@7.0.2 OK for: typescript@7.0.2 want: 7.0.2
548 silly placeDep ROOT @typescript/typescript-openbsd-x64@7.0.2 OK for: typescript@7.0.2 want: 7.0.2
549 silly placeDep ROOT @typescript/typescript-sunos-x64@7.0.2 OK for: typescript@7.0.2 want: 7.0.2
550 silly placeDep ROOT @typescript/typescript-win32-arm64@7.0.2 OK for: typescript@7.0.2 want: 7.0.2
551 silly placeDep ROOT @typescript/typescript-win32-x64@7.0.2 OK for: typescript@7.0.2 want: 7.0.2
552 silly placeDep ROOT fsevents@2.3.3 OK for: vite@8.3.0 want: ~2.3.3
553 silly placeDep node_modules/vite lightningcss@1.33.0 OK for: vite@8.3.0 want: ^1.33.0
554 silly placeDep ROOT picomatch@4.0.7 OK for: vite@8.3.0 want: ^4.0.7
555 silly placeDep ROOT postcss@8.5.28 OK for: vite@8.3.0 want: ^8.5.28
556 silly placeDep ROOT rolldown@1.2.9 OK for: vite@8.3.0 want: ~1.2.6
557 silly placeDep ROOT tinyglobby@0.2.17 OK for: vite@8.3.0 want: ^0.2.17
558 silly fetch manifest lightningcss-darwin-x64@1.33.0
559 silly packumentCache full:https://registry.npmjs.org/lightningcss-darwin-x64 cache-miss
560 silly fetch manifest lightningcss-linux-x64-gnu@1.33.0
561 silly packumentCache full:https://registry.npmjs.org/lightningcss-linux-x64-gnu cache-miss
562 silly fetch manifest lightningcss-win32-x64-msvc@1.33.0
563 silly packumentCache full:https://registry.npmjs.org/lightningcss-win32-x64-msvc cache-miss
564 silly fetch manifest lightningcss-win32-arm64-msvc@1.33.0
565 silly packumentCache full:https://registry.npmjs.org/lightningcss-win32-arm64-msvc cache-miss
566 silly fetch manifest lightningcss-darwin-arm64@1.33.0
567 silly packumentCache full:https://registry.npmjs.org/lightningcss-darwin-arm64 cache-miss
568 silly fetch manifest lightningcss-linux-arm64-gnu@1.33.0
569 silly packumentCache full:https://registry.npmjs.org/lightningcss-linux-arm64-gnu cache-miss
570 silly fetch manifest lightningcss-linux-arm-gnueabihf@1.33.0
571 silly packumentCache full:https://registry.npmjs.org/lightningcss-linux-arm-gnueabihf cache-miss
572 silly fetch manifest lightningcss-linux-arm64-musl@1.33.0
573 silly packumentCache full:https://registry.npmjs.org/lightningcss-linux-arm64-musl cache-miss
574 silly fetch manifest lightningcss-linux-x64-musl@1.33.0
575 silly packumentCache full:https://registry.npmjs.org/lightningcss-linux-x64-musl cache-miss
576 silly fetch manifest lightningcss-freebsd-x64@1.33.0
577 silly packumentCache full:https://registry.npmjs.org/lightningcss-freebsd-x64 cache-miss
578 silly fetch manifest lightningcss-android-arm64@1.33.0
579 silly packumentCache full:https://registry.npmjs.org/lightningcss-android-arm64 cache-miss
580 http cache https://registry.npmjs.org/lightningcss-win32-x64-msvc 35ms (cache hit)
581 silly packumentCache full:https://registry.npmjs.org/lightningcss-win32-x64-msvc set size:81347 disposed:false
582 silly fetch manifest nanoid@^3.3.18
583 silly packumentCache full:https://registry.npmjs.org/nanoid cache-miss
584 http cache https://registry.npmjs.org/lightningcss-darwin-x64 38ms (cache hit)
585 silly packumentCache full:https://registry.npmjs.org/lightningcss-darwin-x64 set size:80374 disposed:false
586 silly fetch manifest picocolors@^1.1.1
587 silly packumentCache full:https://registry.npmjs.org/picocolors cache-miss
588 http cache https://registry.npmjs.org/lightningcss-linux-arm-gnueabihf 36ms (cache hit)
589 silly packumentCache full:https://registry.npmjs.org/lightningcss-linux-arm-gnueabihf set size:82635 disposed:false
590 silly fetch manifest @oxc-project/types@=0.150.0
591 silly packumentCache full:https://registry.npmjs.org/@oxc-project%2ftypes cache-miss
592 http cache https://registry.npmjs.org/lightningcss-linux-x64-gnu 40ms (cache hit)
593 silly packumentCache full:https://registry.npmjs.org/lightningcss-linux-x64-gnu set size:81819 disposed:false
594 silly fetch manifest @rolldown/binding-darwin-x64@1.2.9
595 silly packumentCache full:https://registry.npmjs.org/@rolldown%2fbinding-darwin-x64 cache-miss
596 http cache https://registry.npmjs.org/lightningcss-win32-arm64-msvc 41ms (cache hit)
597 silly packumentCache full:https://registry.npmjs.org/lightningcss-win32-arm64-msvc set size:28346 disposed:false
598 silly fetch manifest @rolldown/binding-freebsd-x64@1.2.9
599 silly packumentCache full:https://registry.npmjs.org/@rolldown%2fbinding-freebsd-x64 cache-miss
600 http cache https://registry.npmjs.org/lightningcss-linux-arm64-musl 39ms (cache hit)
601 silly packumentCache full:https://registry.npmjs.org/lightningcss-linux-arm64-musl set size:82617 disposed:false
602 silly fetch manifest @rolldown/binding-darwin-arm64@1.2.9
603 silly packumentCache full:https://registry.npmjs.org/@rolldown%2fbinding-darwin-arm64 cache-miss
604 http cache https://registry.npmjs.org/lightningcss-linux-arm64-gnu 43ms (cache hit)
605 silly packumentCache full:https://registry.npmjs.org/lightningcss-linux-arm64-gnu set size:82397 disposed:false
606 silly fetch manifest @rolldown/binding-android-arm64@1.2.9
607 silly packumentCache full:https://registry.npmjs.org/@rolldown%2fbinding-android-arm64 cache-miss
608 http cache https://registry.npmjs.org/lightningcss-darwin-arm64 45ms (cache hit)
609 silly packumentCache full:https://registry.npmjs.org/lightningcss-darwin-arm64 set size:80970 disposed:false
610 silly fetch manifest @rolldown/binding-linux-x64-gnu@1.2.9
611 silly packumentCache full:https://registry.npmjs.org/@rolldown%2fbinding-linux-x64-gnu cache-miss
612 http cache https://registry.npmjs.org/lightningcss-linux-x64-musl 44ms (cache hit)
613 silly packumentCache full:https://registry.npmjs.org/lightningcss-linux-x64-musl set size:82032 disposed:false
614 silly fetch manifest @rolldown/binding-linux-x64-musl@1.2.9
615 silly packumentCache full:https://registry.npmjs.org/@rolldown%2fbinding-linux-x64-musl cache-miss
616 http cache https://registry.npmjs.org/lightningcss-freebsd-x64 47ms (cache hit)
617 silly packumentCache full:https://registry.npmjs.org/lightningcss-freebsd-x64 set size:44564 disposed:false
618 silly fetch manifest @rolldown/binding-win32-x64-msvc@1.2.9
619 silly packumentCache full:https://registry.npmjs.org/@rolldown%2fbinding-win32-x64-msvc cache-miss
620 http cache https://registry.npmjs.org/lightningcss-android-arm64 56ms (cache hit)
621 silly packumentCache full:https://registry.npmjs.org/lightningcss-android-arm64 set size:9371 disposed:false
622 silly fetch manifest @rolldown/binding-linux-arm64-gnu@1.2.9
623 silly packumentCache full:https://registry.npmjs.org/@rolldown%2fbinding-linux-arm64-gnu cache-miss
624 http fetch GET 200 https://registry.npmjs.org/picocolors 192ms (cache miss)
625 silly packumentCache full:https://registry.npmjs.org/picocolors set size:undefined disposed:false
626 silly fetch manifest @rolldown/binding-linux-ppc64-gnu@1.2.9
627 silly packumentCache full:https://registry.npmjs.org/@rolldown%2fbinding-linux-ppc64-gnu cache-miss
628 http fetch GET 200 https://registry.npmjs.org/@rolldown%2fbinding-android-arm64 217ms (cache miss)
629 silly packumentCache full:https://registry.npmjs.org/@rolldown%2fbinding-android-arm64 set size:undefined disposed:false
630 silly fetch manifest @rolldown/binding-linux-s390x-gnu@1.2.9
631 silly packumentCache full:https://registry.npmjs.org/@rolldown%2fbinding-linux-s390x-gnu cache-miss
632 http fetch GET 200 https://registry.npmjs.org/@oxc-project%2ftypes 267ms (cache miss)
633 silly packumentCache full:https://registry.npmjs.org/@oxc-project%2ftypes set size:undefined disposed:false
634 silly fetch manifest @rolldown/binding-android-arm-eabi@1.2.9
635 silly packumentCache full:https://registry.npmjs.org/@rolldown%2fbinding-android-arm-eabi cache-miss
636 http fetch GET 200 https://registry.npmjs.org/nanoid 292ms (cache miss)
637 silly packumentCache full:https://registry.npmjs.org/nanoid set size:undefined disposed:false
638 silly fetch manifest @rolldown/binding-linux-arm64-musl@1.2.9
639 silly packumentCache full:https://registry.npmjs.org/@rolldown%2fbinding-linux-arm64-musl cache-miss
640 http fetch GET 200 https://registry.npmjs.org/@rolldown%2fbinding-freebsd-x64 352ms (cache miss)
641 silly packumentCache full:https://registry.npmjs.org/@rolldown%2fbinding-freebsd-x64 set size:undefined disposed:false
642 silly fetch manifest @rolldown/binding-win32-arm64-msvc@1.2.9
643 silly packumentCache full:https://registry.npmjs.org/@rolldown%2fbinding-win32-arm64-msvc cache-miss
644 http fetch GET 200 https://registry.npmjs.org/@rolldown%2fbinding-darwin-arm64 395ms (cache miss)
645 silly packumentCache full:https://registry.npmjs.org/@rolldown%2fbinding-darwin-arm64 set size:undefined disposed:false
646 silly fetch manifest @rolldown/binding-openharmony-arm64@1.2.9
647 silly packumentCache full:https://registry.npmjs.org/@rolldown%2fbinding-openharmony-arm64 cache-miss
648 http fetch GET 200 https://registry.npmjs.org/@rolldown%2fbinding-win32-x64-msvc 432ms (cache miss)
649 silly packumentCache full:https://registry.npmjs.org/@rolldown%2fbinding-win32-x64-msvc set size:undefined disposed:false
650 silly fetch manifest @rolldown/binding-linux-arm-gnueabihf@1.2.9
651 silly packumentCache full:https://registry.npmjs.org/@rolldown%2fbinding-linux-arm-gnueabihf cache-miss
652 http fetch GET 200 https://registry.npmjs.org/@rolldown%2fbinding-linux-x64-musl 453ms (cache miss)
653 silly packumentCache full:https://registry.npmjs.org/@rolldown%2fbinding-linux-x64-musl set size:undefined disposed:false
654 silly fetch manifest fdir@^6.5.0
655 silly packumentCache full:https://registry.npmjs.org/fdir cache-miss
656 http fetch GET 200 https://registry.npmjs.org/@rolldown%2fbinding-linux-x64-gnu 478ms (cache miss)
657 silly packumentCache full:https://registry.npmjs.org/@rolldown%2fbinding-linux-x64-gnu set size:undefined disposed:false
658 http fetch GET 200 https://registry.npmjs.org/@rolldown%2fbinding-linux-ppc64-gnu 322ms (cache miss)
659 silly packumentCache full:https://registry.npmjs.org/@rolldown%2fbinding-linux-ppc64-gnu set size:undefined disposed:false
660 http fetch GET 200 https://registry.npmjs.org/@rolldown%2fbinding-linux-s390x-gnu 289ms (cache miss)
661 silly packumentCache full:https://registry.npmjs.org/@rolldown%2fbinding-linux-s390x-gnu set size:undefined disposed:false
662 http fetch GET 200 https://registry.npmjs.org/@rolldown%2fbinding-darwin-x64 520ms (cache miss)
663 silly packumentCache full:https://registry.npmjs.org/@rolldown%2fbinding-darwin-x64 set size:undefined disposed:false
664 http fetch GET 200 https://registry.npmjs.org/@rolldown%2fbinding-linux-arm64-gnu 510ms (cache miss)
665 silly packumentCache full:https://registry.npmjs.org/@rolldown%2fbinding-linux-arm64-gnu set size:undefined disposed:false
666 http fetch GET 200 https://registry.npmjs.org/@rolldown%2fbinding-android-arm-eabi 277ms (cache miss)
667 silly packumentCache full:https://registry.npmjs.org/@rolldown%2fbinding-android-arm-eabi set size:undefined disposed:false
668 http fetch GET 200 https://registry.npmjs.org/@rolldown%2fbinding-linux-arm64-musl 298ms (cache miss)
669 silly packumentCache full:https://registry.npmjs.org/@rolldown%2fbinding-linux-arm64-musl set size:undefined disposed:false
670 http fetch GET 200 https://registry.npmjs.org/@rolldown%2fbinding-win32-arm64-msvc 251ms (cache miss)
671 silly packumentCache full:https://registry.npmjs.org/@rolldown%2fbinding-win32-arm64-msvc set size:undefined disposed:false
672 http fetch GET 200 https://registry.npmjs.org/@rolldown%2fbinding-openharmony-arm64 217ms (cache miss)
673 silly packumentCache full:https://registry.npmjs.org/@rolldown%2fbinding-openharmony-arm64 set size:undefined disposed:false
674 http fetch GET 200 https://registry.npmjs.org/fdir 234ms (cache miss)
675 silly packumentCache full:https://registry.npmjs.org/fdir set size:undefined disposed:false
676 http fetch GET 200 https://registry.npmjs.org/@rolldown%2fbinding-linux-arm-gnueabihf 272ms (cache miss)
677 silly packumentCache full:https://registry.npmjs.org/@rolldown%2fbinding-linux-arm-gnueabihf set size:undefined disposed:false
678 silly placeDep ROOT nanoid@3.3.19 OK for: postcss@8.5.28 want: ^3.3.18
679 silly placeDep ROOT picocolors@1.1.1 OK for: postcss@8.5.28 want: ^1.1.1
680 silly placeDep ROOT @oxc-project/types@0.150.0 OK for: rolldown@1.2.9 want: =0.150.0
681 silly placeDep ROOT @rolldown/binding-android-arm-eabi@1.2.9 OK for: rolldown@1.2.9 want: 1.2.9
682 silly placeDep ROOT @rolldown/binding-android-arm64@1.2.9 OK for: rolldown@1.2.9 want: 1.2.9
683 silly placeDep ROOT @rolldown/binding-darwin-arm64@1.2.9 OK for: rolldown@1.2.9 want: 1.2.9
684 silly placeDep ROOT @rolldown/binding-darwin-x64@1.2.9 OK for: rolldown@1.2.9 want: 1.2.9
685 silly placeDep ROOT @rolldown/binding-freebsd-x64@1.2.9 OK for: rolldown@1.2.9 want: 1.2.9
686 silly placeDep ROOT @rolldown/binding-linux-arm-gnueabihf@1.2.9 OK for: rolldown@1.2.9 want: 1.2.9
687 silly placeDep ROOT @rolldown/binding-linux-arm64-gnu@1.2.9 OK for: rolldown@1.2.9 want: 1.2.9
688 silly placeDep ROOT @rolldown/binding-linux-arm64-musl@1.2.9 OK for: rolldown@1.2.9 want: 1.2.9
689 silly placeDep ROOT @rolldown/binding-linux-ppc64-gnu@1.2.9 OK for: rolldown@1.2.9 want: 1.2.9
690 silly placeDep ROOT @rolldown/binding-linux-s390x-gnu@1.2.9 OK for: rolldown@1.2.9 want: 1.2.9
691 silly placeDep ROOT @rolldown/binding-linux-x64-gnu@1.2.9 OK for: rolldown@1.2.9 want: 1.2.9
692 silly placeDep ROOT @rolldown/binding-linux-x64-musl@1.2.9 OK for: rolldown@1.2.9 want: 1.2.9
693 silly placeDep ROOT @rolldown/binding-openharmony-arm64@1.2.9 OK for: rolldown@1.2.9 want: 1.2.9
694 silly placeDep ROOT @rolldown/binding-win32-arm64-msvc@1.2.9 OK for: rolldown@1.2.9 want: 1.2.9
695 silly placeDep ROOT @rolldown/binding-win32-x64-msvc@1.2.9 OK for: rolldown@1.2.9 want: 1.2.9
696 silly fetch manifest picomatch@^4.0.4
697 silly packumentCache full:https://registry.npmjs.org/picomatch cache-miss
698 http cache https://registry.npmjs.org/picomatch 7ms (cache hit)
699 silly packumentCache full:https://registry.npmjs.org/picomatch set size:134451 disposed:false
700 silly placeDep ROOT fdir@6.5.0 OK for: tinyglobby@0.2.17 want: ^6.5.0
701 silly placeDep node_modules/vite lightningcss-android-arm64@1.33.0 OK for: lightningcss@1.33.0 want: 1.33.0
702 silly placeDep node_modules/vite lightningcss-darwin-arm64@1.33.0 OK for: lightningcss@1.33.0 want: 1.33.0
703 silly placeDep node_modules/vite lightningcss-darwin-x64@1.33.0 OK for: lightningcss@1.33.0 want: 1.33.0
704 silly placeDep node_modules/vite lightningcss-freebsd-x64@1.33.0 OK for: lightningcss@1.33.0 want: 1.33.0
705 silly placeDep node_modules/vite lightningcss-linux-arm-gnueabihf@1.33.0 OK for: lightningcss@1.33.0 want: 1.33.0
706 silly placeDep node_modules/vite lightningcss-linux-arm64-gnu@1.33.0 OK for: lightningcss@1.33.0 want: 1.33.0
707 silly placeDep node_modules/vite lightningcss-linux-arm64-musl@1.33.0 OK for: lightningcss@1.33.0 want: 1.33.0
708 silly placeDep node_modules/vite lightningcss-linux-x64-gnu@1.33.0 OK for: lightningcss@1.33.0 want: 1.33.0
709 silly placeDep node_modules/vite lightningcss-linux-x64-musl@1.33.0 OK for: lightningcss@1.33.0 want: 1.33.0
710 silly placeDep node_modules/vite lightningcss-win32-arm64-msvc@1.33.0 OK for: lightningcss@1.33.0 want: 1.33.0
711 silly placeDep node_modules/vite lightningcss-win32-x64-msvc@1.33.0 OK for: lightningcss@1.33.0 want: 1.33.0
712 silly reify moves {}
713 silly audit bulk request {
713 silly audit   '@tailwindcss/vite': [ '4.3.3' ],
713 silly audit   vite: [ '8.3.0' ],
713 silly audit   '@vitejs/plugin-react': [ '6.1.1' ],
713 silly audit   'lucide-react': [ '1.47.0' ],
713 silly audit   react: [ '19.3.0' ],
713 silly audit   'react-dom': [ '19.3.0' ],
713 silly audit   tailwindcss: [ '4.3.3' ],
713 silly audit   typescript: [ '7.0.2' ],
713 silly audit   '@tailwindcss/node': [ '4.3.3' ],
713 silly audit   '@tailwindcss/oxide': [ '4.3.3' ],
713 silly audit   '@jridgewell/remapping': [ '2.3.5' ],
713 silly audit   'enhanced-resolve': [ '5.25.1' ],
713 silly audit   jiti: [ '2.7.0' ],
713 silly audit   lightningcss: [ '1.32.0', '1.33.0' ],
713 silly audit   'magic-string': [ '0.30.21' ],
713 silly audit   'source-map-js': [ '1.2.1' ],
713 silly audit   '@jridgewell/gen-mapping': [ '0.3.13' ],
713 silly audit   '@jridgewell/trace-mapping': [ '0.3.31' ],
713 silly audit   '@jridgewell/sourcemap-codec': [ '1.6.0' ],
713 silly audit   '@jridgewell/resolve-uri': [ '3.1.2' ],
713 silly audit   '@tailwindcss/oxide-android-arm64': [ '4.3.3' ],
713 silly audit   '@tailwindcss/oxide-darwin-arm64': [ '4.3.3' ],
713 silly audit   '@tailwindcss/oxide-darwin-x64': [ '4.3.3' ],
713 silly audit   '@tailwindcss/oxide-freebsd-x64': [ '4.3.3' ],
713 silly audit   '@tailwindcss/oxide-linux-arm-gnueabihf': [ '4.3.3' ],
713 silly audit   '@tailwindcss/oxide-linux-arm64-gnu': [ '4.3.3' ],
713 silly audit   '@tailwindcss/oxide-linux-arm64-musl': [ '4.3.3' ],
713 silly audit   '@tailwindcss/oxide-linux-x64-gnu': [ '4.3.3' ],
713 silly audit   '@tailwindcss/oxide-linux-x64-musl': [ '4.3.3' ],
713 silly audit   '@tailwindcss/oxide-wasm32-wasi': [ '4.3.3' ],
713 silly audit   '@tailwindcss/oxide-win32-arm64-msvc': [ '4.3.3' ],
713 silly audit   '@tailwindcss/oxide-win32-x64-msvc': [ '4.3.3' ],
713 silly audit   '@rolldown/pluginutils': [ '1.0.1' ],
713 silly audit   'graceful-fs': [ '4.2.11' ],
713 silly audit   tapable: [ '2.3.3' ],
713 silly audit   'detect-libc': [ '2.1.2' ],
713 silly audit   'lightningcss-android-arm64': [ '1.32.0', '1.33.0' ],
713 silly audit   'lightningcss-darwin-arm64': [ '1.32.0', '1.33.0' ],
713 silly audit   'lightningcss-darwin-x64': [ '1.32.0', '1.33.0' ],
713 silly audit   'lightningcss-freebsd-x64': [ '1.32.0', '1.33.0' ],
713 silly audit   'lightningcss-linux-arm-gnueabihf': [ '1.32.0', '1.33.0' ],
713 silly audit   'lightningcss-linux-arm64-gnu': [ '1.32.0', '1.33.0' ],
713 silly audit   'lightningcss-linux-arm64-musl': [ '1.32.0', '1.33.0' ],
713 silly audit   'lightningcss-linux-x64-gnu': [ '1.32.0', '1.33.0' ],
713 silly audit   'lightningcss-linux-x64-musl': [ '1.32.0', '1.33.0' ],
713 silly audit   'lightningcss-win32-arm64-msvc': [ '1.32.0', '1.33.0' ],
713 silly audit   'lightningcss-win32-x64-msvc': [ '1.32.0', '1.33.0' ],
713 silly audit   scheduler: [ '0.28.0' ],
713 silly audit   '@typescript/typescript-aix-ppc64': [ '7.0.2' ],
713 silly audit   '@typescript/typescript-darwin-arm64': [ '7.0.2' ],
713 silly audit   '@typescript/typescript-darwin-x64': [ '7.0.2' ],
713 silly audit   '@typescript/typescript-freebsd-arm64': [ '7.0.2' ],
713 silly audit   '@typescript/typescript-freebsd-x64': [ '7.0.2' ],
713 silly audit   '@typescript/typescript-linux-arm': [ '7.0.2' ],
713 silly audit   '@typescript/typescript-linux-arm64': [ '7.0.2' ],
713 silly audit   '@typescript/typescript-linux-loong64': [ '7.0.2' ],
713 silly audit   '@typescript/typescript-linux-mips64el': [ '7.0.2' ],
713 silly audit   '@typescript/typescript-linux-ppc64': [ '7.0.2' ],
713 silly audit   '@typescript/typescript-linux-riscv64': [ '7.0.2' ],
713 silly audit   '@typescript/typescript-linux-s390x': [ '7.0.2' ],
713 silly audit   '@typescript/typescript-linux-x64': [ '7.0.2' ],
713 silly audit   '@typescript/typescript-netbsd-arm64': [ '7.0.2' ],
713 silly audit   '@typescript/typescript-netbsd-x64': [ '7.0.2' ],
713 silly audit   '@typescript/typescript-openbsd-arm64': [ '7.0.2' ],
713 silly audit   '@typescript/typescript-openbsd-x64': [ '7.0.2' ],
713 silly audit   '@typescript/typescript-sunos-x64': [ '7.0.2' ],
713 silly audit   '@typescript/typescript-win32-arm64': [ '7.0.2' ],
713 silly audit   '@typescript/typescript-win32-x64': [ '7.0.2' ],
713 silly audit   fsevents: [ '2.3.3' ],
713 silly audit   picomatch: [ '4.0.7' ],
713 silly audit   postcss: [ '8.5.28' ],
713 silly audit   rolldown: [ '1.2.9' ],
713 silly audit   tinyglobby: [ '0.2.17' ],
713 silly audit   nanoid: [ '3.3.19' ],
713 silly audit   picocolors: [ '1.1.1' ],
713 silly audit   '@oxc-project/types': [ '0.150.0' ],
713 silly audit   '@rolldown/binding-android-arm-eabi': [ '1.2.9' ],
713 silly audit   '@rolldown/binding-android-arm64': [ '1.2.9' ],
713 silly audit   '@rolldown/binding-darwin-arm64': [ '1.2.9' ],
713 silly audit   '@rolldown/binding-darwin-x64': [ '1.2.9' ],
713 silly audit   '@rolldown/binding-freebsd-x64': [ '1.2.9' ],
713 silly audit   '@rolldown/binding-linux-arm-gnueabihf': [ '1.2.9' ],
713 silly audit   '@rolldown/binding-linux-arm64-gnu': [ '1.2.9' ],
713 silly audit   '@rolldown/binding-linux-arm64-musl': [ '1.2.9' ],
713 silly audit   '@rolldown/binding-linux-ppc64-gnu': [ '1.2.9' ],
713 silly audit   '@rolldown/binding-linux-s390x-gnu': [ '1.2.9' ],
713 silly audit   '@rolldown/binding-linux-x64-gnu': [ '1.2.9' ],
713 silly audit   '@rolldown/binding-linux-x64-musl': [ '1.2.9' ],
713 silly audit   '@rolldown/binding-openharmony-arm64': [ '1.2.9' ],
713 silly audit   '@rolldown/binding-win32-arm64-msvc': [ '1.2.9' ],
713 silly audit   '@rolldown/binding-win32-x64-msvc': [ '1.2.9' ],
713 silly audit   fdir: [ '6.5.0' ]
713 silly audit }
714 http cache fdir@https://registry.npmjs.org/fdir/-/fdir-6.5.0.tgz 0ms (cache hit)
715 http cache picocolors@https://registry.npmjs.org/picocolors/-/picocolors-1.1.1.tgz 0ms (cache hit)
716 http cache @oxc-project/types@https://registry.npmjs.org/@oxc-project/types/-/types-0.150.0.tgz 0ms (cache hit)
717 http cache rolldown@https://registry.npmjs.org/rolldown/-/rolldown-1.2.9.tgz 0ms (cache hit)
718 http cache postcss@https://registry.npmjs.org/postcss/-/postcss-8.5.28.tgz 0ms (cache hit)
719 http cache @rolldown/binding-win32-x64-msvc@https://registry.npmjs.org/@rolldown/binding-win32-x64-msvc/-/binding-win32-x64-msvc-1.2.9.tgz 0ms (cache hit)
720 http cache nanoid@https://registry.npmjs.org/nanoid/-/nanoid-3.3.19.tgz 0ms (cache hit)
721 http cache @typescript/typescript-win32-x64@https://registry.npmjs.org/@typescript/typescript-win32-x64/-/typescript-win32-x64-7.0.2.tgz 0ms (cache hit)
722 http cache tinyglobby@https://registry.npmjs.org/tinyglobby/-/tinyglobby-0.2.17.tgz 0ms (cache hit)
723 http cache lightningcss-win32-x64-msvc@https://registry.npmjs.org/lightningcss-win32-x64-msvc/-/lightningcss-win32-x64-msvc-1.32.0.tgz 0ms (cache hit)
724 http cache scheduler@https://registry.npmjs.org/scheduler/-/scheduler-0.28.0.tgz 0ms (cache hit)
725 http cache @rolldown/pluginutils@https://registry.npmjs.org/@rolldown/pluginutils/-/pluginutils-1.0.1.tgz 0ms (cache hit)
726 http cache tapable@https://registry.npmjs.org/tapable/-/tapable-2.3.3.tgz 0ms (cache hit)
727 http cache detect-libc@https://registry.npmjs.org/detect-libc/-/detect-libc-2.1.2.tgz 0ms (cache hit)
728 http cache graceful-fs@https://registry.npmjs.org/graceful-fs/-/graceful-fs-4.2.11.tgz 0ms (cache hit)
729 http cache @tailwindcss/oxide-win32-x64-msvc@https://registry.npmjs.org/@tailwindcss/oxide-win32-x64-msvc/-/oxide-win32-x64-msvc-4.3.3.tgz 0ms (cache hit)
730 http cache picomatch@https://registry.npmjs.org/picomatch/-/picomatch-4.0.7.tgz 0ms (cache hit)
731 http cache @jridgewell/sourcemap-codec@https://registry.npmjs.org/@jridgewell/sourcemap-codec/-/sourcemap-codec-1.6.0.tgz 0ms (cache hit)
732 http cache @jridgewell/trace-mapping@https://registry.npmjs.org/@jridgewell/trace-mapping/-/trace-mapping-0.3.31.tgz 0ms (cache hit)
733 http cache @jridgewell/resolve-uri@https://registry.npmjs.org/@jridgewell/resolve-uri/-/resolve-uri-3.1.2.tgz 0ms (cache hit)
734 http cache source-map-js@https://registry.npmjs.org/source-map-js/-/source-map-js-1.2.1.tgz 1ms (cache hit)
735 http cache @jridgewell/gen-mapping@https://registry.npmjs.org/@jridgewell/gen-mapping/-/gen-mapping-0.3.13.tgz 0ms (cache hit)
736 http cache jiti@https://registry.npmjs.org/jiti/-/jiti-2.7.0.tgz 0ms (cache hit)
737 http cache magic-string@https://registry.npmjs.org/magic-string/-/magic-string-0.30.21.tgz 0ms (cache hit)
738 http cache lightningcss@https://registry.npmjs.org/lightningcss/-/lightningcss-1.32.0.tgz 0ms (cache hit)
739 http cache @jridgewell/remapping@https://registry.npmjs.org/@jridgewell/remapping/-/remapping-2.3.5.tgz 0ms (cache hit)
740 http cache @tailwindcss/oxide@https://registry.npmjs.org/@tailwindcss/oxide/-/oxide-4.3.3.tgz 1ms (cache hit)
741 http cache enhanced-resolve@https://registry.npmjs.org/enhanced-resolve/-/enhanced-resolve-5.25.1.tgz 0ms (cache hit)
742 http cache typescript@https://registry.npmjs.org/typescript/-/typescript-7.0.2.tgz 0ms (cache hit)
743 http cache @tailwindcss/node@https://registry.npmjs.org/@tailwindcss/node/-/node-4.3.3.tgz 0ms (cache hit)
744 http cache tailwindcss@https://registry.npmjs.org/tailwindcss/-/tailwindcss-4.3.3.tgz 0ms (cache hit)
745 http cache react@https://registry.npmjs.org/react/-/react-19.3.0.tgz 0ms (cache hit)
746 http cache @vitejs/plugin-react@https://registry.npmjs.org/@vitejs/plugin-react/-/plugin-react-6.1.1.tgz 0ms (cache hit)
747 http cache react-dom@https://registry.npmjs.org/react-dom/-/react-dom-19.3.0.tgz 0ms (cache hit)
748 http cache lucide-react@https://registry.npmjs.org/lucide-react/-/lucide-react-1.47.0.tgz 0ms (cache hit)
749 http cache @tailwindcss/vite@https://registry.npmjs.org/@tailwindcss/vite/-/vite-4.3.3.tgz 0ms (cache hit)
750 http cache vite@https://registry.npmjs.org/vite/-/vite-8.3.0.tgz 0ms (cache hit)
751 http cache lightningcss@https://registry.npmjs.org/lightningcss/-/lightningcss-1.33.0.tgz 0ms (cache hit)
752 http cache lightningcss-win32-x64-msvc@https://registry.npmjs.org/lightningcss-win32-x64-msvc/-/lightningcss-win32-x64-msvc-1.33.0.tgz 0ms (cache hit)
753 silly tarball no local data for fdir@https://registry.npmjs.org/fdir/-/fdir-6.5.0.tgz. Extracting by manifest.
754 silly tarball no local data for picocolors@https://registry.npmjs.org/picocolors/-/picocolors-1.1.1.tgz. Extracting by manifest.
755 silly tarball no local data for @oxc-project/types@https://registry.npmjs.org/@oxc-project/types/-/types-0.150.0.tgz. Extracting by manifest.
756 silly tarball no local data for rolldown@https://registry.npmjs.org/rolldown/-/rolldown-1.2.9.tgz. Extracting by manifest.
757 silly tarball no local data for postcss@https://registry.npmjs.org/postcss/-/postcss-8.5.28.tgz. Extracting by manifest.
758 silly tarball no local data for @rolldown/binding-win32-x64-msvc@https://registry.npmjs.org/@rolldown/binding-win32-x64-msvc/-/binding-win32-x64-msvc-1.2.9.tgz. Extracting by manifest.
759 silly tarball no local data for nanoid@https://registry.npmjs.org/nanoid/-/nanoid-3.3.19.tgz. Extracting by manifest.
760 silly tarball no local data for @typescript/typescript-win32-x64@https://registry.npmjs.org/@typescript/typescript-win32-x64/-/typescript-win32-x64-7.0.2.tgz. Extracting by manifest.
761 silly tarball no local data for tinyglobby@https://registry.npmjs.org/tinyglobby/-/tinyglobby-0.2.17.tgz. Extracting by manifest.
762 silly tarball no local data for lightningcss-win32-x64-msvc@https://registry.npmjs.org/lightningcss-win32-x64-msvc/-/lightningcss-win32-x64-msvc-1.32.0.tgz. Extracting by manifest.
763 silly tarball no local data for scheduler@https://registry.npmjs.org/scheduler/-/scheduler-0.28.0.tgz. Extracting by manifest.
764 silly tarball no local data for @rolldown/pluginutils@https://registry.npmjs.org/@rolldown/pluginutils/-/pluginutils-1.0.1.tgz. Extracting by manifest.
765 silly tarball no local data for tapable@https://registry.npmjs.org/tapable/-/tapable-2.3.3.tgz. Extracting by manifest.
766 silly tarball no local data for detect-libc@https://registry.npmjs.org/detect-libc/-/detect-libc-2.1.2.tgz. Extracting by manifest.
767 silly tarball no local data for graceful-fs@https://registry.npmjs.org/graceful-fs/-/graceful-fs-4.2.11.tgz. Extracting by manifest.
768 silly tarball no local data for @tailwindcss/oxide-win32-x64-msvc@https://registry.npmjs.org/@tailwindcss/oxide-win32-x64-msvc/-/oxide-win32-x64-msvc-4.3.3.tgz. Extracting by manifest.
769 silly tarball no local data for picomatch@https://registry.npmjs.org/picomatch/-/picomatch-4.0.7.tgz. Extracting by manifest.
770 silly tarball no local data for @jridgewell/sourcemap-codec@https://registry.npmjs.org/@jridgewell/sourcemap-codec/-/sourcemap-codec-1.6.0.tgz. Extracting by manifest.
771 silly tarball no local data for @jridgewell/trace-mapping@https://registry.npmjs.org/@jridgewell/trace-mapping/-/trace-mapping-0.3.31.tgz. Extracting by manifest.
772 silly tarball no local data for @jridgewell/resolve-uri@https://registry.npmjs.org/@jridgewell/resolve-uri/-/resolve-uri-3.1.2.tgz. Extracting by manifest.
773 silly tarball no local data for source-map-js@https://registry.npmjs.org/source-map-js/-/source-map-js-1.2.1.tgz. Extracting by manifest.
774 silly tarball no local data for @jridgewell/gen-mapping@https://registry.npmjs.org/@jridgewell/gen-mapping/-/gen-mapping-0.3.13.tgz. Extracting by manifest.
775 silly tarball no local data for jiti@https://registry.npmjs.org/jiti/-/jiti-2.7.0.tgz. Extracting by manifest.
776 silly tarball no local data for magic-string@https://registry.npmjs.org/magic-string/-/magic-string-0.30.21.tgz. Extracting by manifest.
777 silly tarball no local data for lightningcss@https://registry.npmjs.org/lightningcss/-/lightningcss-1.32.0.tgz. Extracting by manifest.
778 silly tarball no local data for @jridgewell/remapping@https://registry.npmjs.org/@jridgewell/remapping/-/remapping-2.3.5.tgz. Extracting by manifest.
779 silly tarball no local data for @tailwindcss/oxide@https://registry.npmjs.org/@tailwindcss/oxide/-/oxide-4.3.3.tgz. Extracting by manifest.
780 silly tarball no local data for enhanced-resolve@https://registry.npmjs.org/enhanced-resolve/-/enhanced-resolve-5.25.1.tgz. Extracting by manifest.
781 silly tarball no local data for typescript@https://registry.npmjs.org/typescript/-/typescript-7.0.2.tgz. Extracting by manifest.
782 silly tarball no local data for @tailwindcss/node@https://registry.npmjs.org/@tailwindcss/node/-/node-4.3.3.tgz. Extracting by manifest.
783 silly tarball no local data for tailwindcss@https://registry.npmjs.org/tailwindcss/-/tailwindcss-4.3.3.tgz. Extracting by manifest.
784 silly tarball no local data for react@https://registry.npmjs.org/react/-/react-19.3.0.tgz. Extracting by manifest.
785 silly tarball no local data for @vitejs/plugin-react@https://registry.npmjs.org/@vitejs/plugin-react/-/plugin-react-6.1.1.tgz. Extracting by manifest.
786 silly tarball no local data for react-dom@https://registry.npmjs.org/react-dom/-/react-dom-19.3.0.tgz. Extracting by manifest.
787 silly tarball no local data for lucide-react@https://registry.npmjs.org/lucide-react/-/lucide-react-1.47.0.tgz. Extracting by manifest.
788 silly tarball no local data for @tailwindcss/vite@https://registry.npmjs.org/@tailwindcss/vite/-/vite-4.3.3.tgz. Extracting by manifest.
789 silly tarball no local data for vite@https://registry.npmjs.org/vite/-/vite-8.3.0.tgz. Extracting by manifest.
790 silly tarball no local data for lightningcss@https://registry.npmjs.org/lightningcss/-/lightningcss-1.33.0.tgz. Extracting by manifest.
791 silly tarball no local data for lightningcss-win32-x64-msvc@https://registry.npmjs.org/lightningcss-win32-x64-msvc/-/lightningcss-win32-x64-msvc-1.33.0.tgz. Extracting by manifest.
792 http fetch POST 200 https://registry.npmjs.org/-/npm/v1/security/advisories/bulk 440ms
793 silly audit report {}
794 http fetch GET 200 https://registry.npmjs.org/picocolors/-/picocolors-1.1.1.tgz 397ms (cache miss)
795 http fetch GET 200 https://registry.npmjs.org/fdir/-/fdir-6.5.0.tgz 401ms (cache miss)
796 http fetch GET 200 https://registry.npmjs.org/@oxc-project/types/-/types-0.150.0.tgz 398ms (cache miss)
797 http fetch GET 200 https://registry.npmjs.org/nanoid/-/nanoid-3.3.19.tgz 393ms (cache miss)
798 http fetch GET 200 https://registry.npmjs.org/tinyglobby/-/tinyglobby-0.2.17.tgz 393ms (cache miss)
799 http fetch GET 200 https://registry.npmjs.org/graceful-fs/-/graceful-fs-4.2.11.tgz 509ms (cache miss)
800 http fetch GET 200 https://registry.npmjs.org/@jridgewell/resolve-uri/-/resolve-uri-3.1.2.tgz 565ms (cache miss)
801 http fetch GET 200 https://registry.npmjs.org/picomatch/-/picomatch-4.0.7.tgz 587ms (cache miss)
802 http fetch GET 200 https://registry.npmjs.org/source-map-js/-/source-map-js-1.2.1.tgz 797ms (cache miss)
803 http fetch GET 200 https://registry.npmjs.org/@tailwindcss/oxide/-/oxide-4.3.3.tgz 828ms (cache miss)
804 http fetch GET 200 https://registry.npmjs.org/@rolldown/pluginutils/-/pluginutils-1.0.1.tgz 1183ms (cache miss)
805 http fetch GET 200 https://registry.npmjs.org/@jridgewell/sourcemap-codec/-/sourcemap-codec-1.6.0.tgz 1261ms (cache miss)
806 http fetch GET 200 https://registry.npmjs.org/detect-libc/-/detect-libc-2.1.2.tgz 1274ms (cache miss)
807 http fetch GET 200 https://registry.npmjs.org/@tailwindcss/vite/-/vite-4.3.3.tgz 1247ms (cache miss)
808 http fetch GET 200 https://registry.npmjs.org/@vitejs/plugin-react/-/plugin-react-6.1.1.tgz 1325ms (cache miss)
809 http fetch GET 200 https://registry.npmjs.org/scheduler/-/scheduler-0.28.0.tgz 1390ms (cache miss)
810 http fetch GET 200 https://registry.npmjs.org/magic-string/-/magic-string-0.30.21.tgz 1396ms (cache miss)
811 http fetch GET 200 https://registry.npmjs.org/@tailwindcss/node/-/node-4.3.3.tgz 1427ms (cache miss)
812 http fetch GET 200 https://registry.npmjs.org/lightningcss/-/lightningcss-1.32.0.tgz 1477ms (cache miss)
813 http fetch GET 200 https://registry.npmjs.org/@jridgewell/gen-mapping/-/gen-mapping-0.3.13.tgz 1500ms (cache miss)
814 http fetch GET 200 https://registry.npmjs.org/tapable/-/tapable-2.3.3.tgz 1702ms (cache miss)
815 http fetch GET 200 https://registry.npmjs.org/postcss/-/postcss-8.5.28.tgz 1783ms (cache miss)
816 http fetch GET 200 https://registry.npmjs.org/jiti/-/jiti-2.7.0.tgz 1773ms (cache miss)
817 http fetch GET 200 https://registry.npmjs.org/@tailwindcss/oxide-win32-x64-msvc/-/oxide-win32-x64-msvc-4.3.3.tgz 1787ms (cache miss)
818 http fetch GET 200 https://registry.npmjs.org/lightningcss/-/lightningcss-1.33.0.tgz 1756ms (cache miss)
819 http fetch GET 200 https://registry.npmjs.org/@jridgewell/remapping/-/remapping-2.3.5.tgz 1819ms (cache miss)
820 http fetch GET 200 https://registry.npmjs.org/react/-/react-19.3.0.tgz 1834ms (cache miss)
821 http fetch GET 200 https://registry.npmjs.org/@jridgewell/trace-mapping/-/trace-mapping-0.3.31.tgz 1867ms (cache miss)
822 http fetch GET 200 https://registry.npmjs.org/rolldown/-/rolldown-1.2.9.tgz 2033ms (cache miss)
823 http fetch GET 200 https://registry.npmjs.org/tailwindcss/-/tailwindcss-4.3.3.tgz 2105ms (cache miss)
824 http fetch GET 200 https://registry.npmjs.org/enhanced-resolve/-/enhanced-resolve-5.25.1.tgz 2410ms (cache miss)
825 http fetch GET 200 https://registry.npmjs.org/lightningcss-win32-x64-msvc/-/lightningcss-win32-x64-msvc-1.32.0.tgz 2505ms (cache miss)
826 http fetch GET 200 https://registry.npmjs.org/vite/-/vite-8.3.0.tgz 2512ms (cache miss)
827 http fetch GET 200 https://registry.npmjs.org/lightningcss-win32-x64-msvc/-/lightningcss-win32-x64-msvc-1.33.0.tgz 2704ms (cache miss)
828 http fetch GET 200 https://registry.npmjs.org/react-dom/-/react-dom-19.3.0.tgz 2990ms (cache miss)
829 http fetch GET 200 https://registry.npmjs.org/@rolldown/binding-win32-x64-msvc/-/binding-win32-x64-msvc-1.2.9.tgz 3110ms (cache miss)
830 http fetch GET 200 https://registry.npmjs.org/@typescript/typescript-win32-x64/-/typescript-win32-x64-7.0.2.tgz 3657ms (cache miss)
831 http fetch GET 200 https://registry.npmjs.org/typescript/-/typescript-7.0.2.tgz 4235ms (cache miss)
832 http fetch GET 200 https://registry.npmjs.org/lucide-react/-/lucide-react-1.47.0.tgz 20185ms (cache miss)
833 silly ADD node_modules/fdir
834 silly ADD node_modules/@rolldown/binding-win32-x64-msvc
835 silly ADD node_modules/@oxc-project/types
836 silly ADD node_modules/picocolors
837 silly ADD node_modules/nanoid
838 silly ADD node_modules/tinyglobby
839 silly ADD node_modules/rolldown
840 silly ADD node_modules/postcss
841 silly ADD node_modules/picomatch
842 silly ADD node_modules/@typescript/typescript-win32-x64
843 silly ADD node_modules/scheduler
844 silly ADD node_modules/lightningcss-win32-x64-msvc
845 silly ADD node_modules/detect-libc
846 silly ADD node_modules/tapable
847 silly ADD node_modules/graceful-fs
848 silly ADD node_modules/@rolldown/pluginutils
849 silly ADD node_modules/@tailwindcss/oxide-win32-x64-msvc
850 silly ADD node_modules/@jridgewell/resolve-uri
851 silly ADD node_modules/@jridgewell/sourcemap-codec
852 silly ADD node_modules/@jridgewell/trace-mapping
853 silly ADD node_modules/@jridgewell/gen-mapping
854 silly ADD node_modules/source-map-js
855 silly ADD node_modules/magic-string
856 silly ADD node_modules/lightningcss
857 silly ADD node_modules/jiti
858 silly ADD node_modules/enhanced-resolve
859 silly ADD node_modules/@jridgewell/remapping
860 silly ADD node_modules/@tailwindcss/oxide
861 silly ADD node_modules/@tailwindcss/node
862 silly ADD node_modules/typescript
863 silly ADD node_modules/tailwindcss
864 silly ADD node_modules/react-dom
865 silly ADD node_modules/react
866 silly ADD node_modules/lucide-react
867 silly ADD node_modules/@vitejs/plugin-react
868 silly ADD node_modules/vite
869 silly ADD node_modules/vite/node_modules/lightningcss-win32-x64-msvc
870 silly ADD node_modules/vite/node_modules/lightningcss
871 silly ADD node_modules/@tailwindcss/vite
872 verbose cwd C:\Users\Indra\Dera
873 verbose os Windows_NT 10.0.26200
874 verbose node v26.5.0
875 verbose npm  v11.17.0
876 notice
876 notice New major version of npm available! 11.17.0 -> 12.0.2
876 notice Changelog: https://github.com/npm/cli/releases/tag/v12.0.2
876 notice To update run: npm install -g npm@12.0.2
876 notice  { force: true, Symbol(proc-log.meta): true }
877 verbose exit 0
878 info ok
